Archive member included to satisfy reference by file (symbol)

c:/ac6/systemworkbench/plugins/fr.ac6.mcu.externaltools.arm-none.win32_1.13.1.201701261202/tools/compiler/bin/../lib/gcc/arm-none-eabi/5.4.1/../../../../arm-none-eabi/lib/armv7e-m/fpu\libc.a(lib_a-errno.o)
                              src/syscalls.o (__errno)
c:/ac6/systemworkbench/plugins/fr.ac6.mcu.externaltools.arm-none.win32_1.13.1.201701261202/tools/compiler/bin/../lib/gcc/arm-none-eabi/5.4.1/../../../../arm-none-eabi/lib/armv7e-m/fpu\libc.a(lib_a-exit.o)
                              c:/ac6/systemworkbench/plugins/fr.ac6.mcu.externaltools.arm-none.win32_1.13.1.201701261202/tools/compiler/bin/../lib/gcc/arm-none-eabi/5.4.1/../../../../arm-none-eabi/lib/armv7e-m/fpu/crt0.o (exit)
c:/ac6/systemworkbench/plugins/fr.ac6.mcu.externaltools.arm-none.win32_1.13.1.201701261202/tools/compiler/bin/../lib/gcc/arm-none-eabi/5.4.1/../../../../arm-none-eabi/lib/armv7e-m/fpu\libc.a(lib_a-impure.o)
                              c:/ac6/systemworkbench/plugins/fr.ac6.mcu.externaltools.arm-none.win32_1.13.1.201701261202/tools/compiler/bin/../lib/gcc/arm-none-eabi/5.4.1/../../../../arm-none-eabi/lib/armv7e-m/fpu\libc.a(lib_a-exit.o) (_global_impure_ptr)
c:/ac6/systemworkbench/plugins/fr.ac6.mcu.externaltools.arm-none.win32_1.13.1.201701261202/tools/compiler/bin/../lib/gcc/arm-none-eabi/5.4.1/../../../../arm-none-eabi/lib/armv7e-m/fpu\libc.a(lib_a-init.o)
                              c:/ac6/systemworkbench/plugins/fr.ac6.mcu.externaltools.arm-none.win32_1.13.1.201701261202/tools/compiler/bin/../lib/gcc/arm-none-eabi/5.4.1/../../../../arm-none-eabi/lib/armv7e-m/fpu/crt0.o (__libc_init_array)
c:/ac6/systemworkbench/plugins/fr.ac6.mcu.externaltools.arm-none.win32_1.13.1.201701261202/tools/compiler/bin/../lib/gcc/arm-none-eabi/5.4.1/../../../../arm-none-eabi/lib/armv7e-m/fpu\libc.a(lib_a-memset.o)
                              c:/ac6/systemworkbench/plugins/fr.ac6.mcu.externaltools.arm-none.win32_1.13.1.201701261202/tools/compiler/bin/../lib/gcc/arm-none-eabi/5.4.1/../../../../arm-none-eabi/lib/armv7e-m/fpu/crt0.o (memset)
c:/ac6/systemworkbench/plugins/fr.ac6.mcu.externaltools.arm-none.win32_1.13.1.201701261202/tools/compiler/bin/../lib/gcc/arm-none-eabi/5.4.1/../../../../arm-none-eabi/lib/armv7e-m/fpu\libc.a(lib_a-__call_atexit.o)
                              c:/ac6/systemworkbench/plugins/fr.ac6.mcu.externaltools.arm-none.win32_1.13.1.201701261202/tools/compiler/bin/../lib/gcc/arm-none-eabi/5.4.1/../../../../arm-none-eabi/lib/armv7e-m/fpu\libc.a(lib_a-exit.o) (__call_exitprocs)
c:/ac6/systemworkbench/plugins/fr.ac6.mcu.externaltools.arm-none.win32_1.13.1.201701261202/tools/compiler/bin/../lib/gcc/arm-none-eabi/5.4.1/../../../../arm-none-eabi/lib/armv7e-m/fpu\libc.a(lib_a-atexit.o)
                              c:/ac6/systemworkbench/plugins/fr.ac6.mcu.externaltools.arm-none.win32_1.13.1.201701261202/tools/compiler/bin/../lib/gcc/arm-none-eabi/5.4.1/../../../../arm-none-eabi/lib/armv7e-m/fpu\libc.a(lib_a-__call_atexit.o) (atexit)
c:/ac6/systemworkbench/plugins/fr.ac6.mcu.externaltools.arm-none.win32_1.13.1.201701261202/tools/compiler/bin/../lib/gcc/arm-none-eabi/5.4.1/../../../../arm-none-eabi/lib/armv7e-m/fpu\libc.a(lib_a-fini.o)
                              c:/ac6/systemworkbench/plugins/fr.ac6.mcu.externaltools.arm-none.win32_1.13.1.201701261202/tools/compiler/bin/../lib/gcc/arm-none-eabi/5.4.1/../../../../arm-none-eabi/lib/armv7e-m/fpu\libc.a(lib_a-__call_atexit.o) (__libc_fini_array)
c:/ac6/systemworkbench/plugins/fr.ac6.mcu.externaltools.arm-none.win32_1.13.1.201701261202/tools/compiler/bin/../lib/gcc/arm-none-eabi/5.4.1/../../../../arm-none-eabi/lib/armv7e-m/fpu\libc.a(lib_a-__atexit.o)
                              c:/ac6/systemworkbench/plugins/fr.ac6.mcu.externaltools.arm-none.win32_1.13.1.201701261202/tools/compiler/bin/../lib/gcc/arm-none-eabi/5.4.1/../../../../arm-none-eabi/lib/armv7e-m/fpu\libc.a(lib_a-atexit.o) (__register_exitproc)

Allocating common symbols
Common symbol       size              file

NVIC_InitStructure  0x4               Utilities/stm32f4_discovery.o

Discarded input sections

 .text          0x00000000        0x0 c:/ac6/systemworkbench/plugins/fr.ac6.mcu.externaltools.arm-none.win32_1.13.1.201701261202/tools/compiler/bin/../lib/gcc/arm-none-eabi/5.4.1/armv7e-m/fpu/crti.o
 .data          0x00000000        0x0 c:/ac6/systemworkbench/plugins/fr.ac6.mcu.externaltools.arm-none.win32_1.13.1.201701261202/tools/compiler/bin/../lib/gcc/arm-none-eabi/5.4.1/armv7e-m/fpu/crti.o
 .bss           0x00000000        0x0 c:/ac6/systemworkbench/plugins/fr.ac6.mcu.externaltools.arm-none.win32_1.13.1.201701261202/tools/compiler/bin/../lib/gcc/arm-none-eabi/5.4.1/armv7e-m/fpu/crti.o
 .data          0x00000000        0x4 c:/ac6/systemworkbench/plugins/fr.ac6.mcu.externaltools.arm-none.win32_1.13.1.201701261202/tools/compiler/bin/../lib/gcc/arm-none-eabi/5.4.1/armv7e-m/fpu/crtbegin.o
[...]
Memory Configuration

Name             Origin             Length             Attributes
FLASH            0x08000000         0x00100000         xr
RAM              0x20000000         0x00030000         xrw
MEMORY_B1        0x60000000         0x00000000         xr
*default*        0x00000000         0xffffffff

Linker script and memory map

LOAD c:/ac6/systemworkbench/plugins/fr.ac6.mcu.externaltools.arm-none.win32_1.13.1.201701261202/tools/compiler/bin/../lib/gcc/arm-none-eabi/5.4.1/armv7e-m/fpu/crti.o
LOAD c:/ac6/systemworkbench/plugins/fr.ac6.mcu.externaltools.arm-none.win32_1.13.1.201701261202/tools/compiler/bin/../lib/gcc/arm-none-eabi/5.4.1/armv7e-m/fpu/crtbegin.o
LOAD c:/ac6/systemworkbench/plugins/fr.ac6.mcu.externaltools.arm-none.win32_1.13.1.201701261202/tools/compiler/bin/../lib/gcc/arm-none-eabi/5.4.1/../../../../arm-none-eabi/lib/armv7e-m/fpu/crt0.o
LOAD c:/ac6/systemworkbench/plugins/fr.ac6.mcu.externaltools.arm-none.win32_1.13.1.201701261202/tools/compiler/bin/../lib/gcc/arm-none-eabi/5.4.1/../../../../arm-none-eabi/lib/armv7e-m/fpu\libm.a
LOAD StdPeriph_Driver/src/misc.o
LOAD StdPeriph_Driver/src/stm32f4xx_adc.o
LOAD StdPeriph_Driver/src/stm32f4xx_can.o
LOAD StdPeriph_Driver/src/stm32f4xx_crc.o
LOAD StdPeriph_Driver/src/stm32f4xx_cryp.o
LOAD StdPeriph_Driver/src/stm32f4xx_cryp_aes.o
LOAD StdPeriph_Driver/src/stm32f4xx_cryp_des.o
LOAD StdPeriph_Driver/src/stm32f4xx_cryp_tdes.o
LOAD StdPeriph_Driver/src/stm32f4xx_dac.o
LOAD StdPeriph_Driver/src/stm32f4xx_dbgmcu.o
LOAD StdPeriph_Driver/src/stm32f4xx_dcmi.o
LOAD StdPeriph_Driver/src/stm32f4xx_dma.o
LOAD StdPeriph_Driver/src/stm32f4xx_exti.o
LOAD StdPeriph_Driver/src/stm32f4xx_flash.o
LOAD StdPeriph_Driver/src/stm32f4xx_fsmc.o
LOAD StdPeriph_Driver/src/stm32f4xx_gpio.o
LOAD StdPeriph_Driver/src/stm32f4xx_hash.o
LOAD StdPeriph_Driver/src/stm32f4xx_hash_md5.o
LOAD StdPeriph_Driver/src/stm32f4xx_hash_sha1.o
LOAD StdPeriph_Driver/src/stm32f4xx_i2c.o
LOAD StdPeriph_Driver/src/stm32f4xx_iwdg.o
LOAD StdPeriph_Driver/src/stm32f4xx_pwr.o
LOAD StdPeriph_Driver/src/stm32f4xx_rcc.o
LOAD StdPeriph_Driver/src/stm32f4xx_rng.o
LOAD StdPeriph_Driver/src/stm32f4xx_rtc.o
LOAD StdPeriph_Driver/src/stm32f4xx_sdio.o
LOAD StdPeriph_Driver/src/stm32f4xx_spi.o
LOAD StdPeriph_Driver/src/stm32f4xx_syscfg.o
LOAD StdPeriph_Driver/src/stm32f4xx_tim.o
LOAD StdPeriph_Driver/src/stm32f4xx_usart.o
LOAD StdPeriph_Driver/src/stm32f4xx_wwdg.o
LOAD Utilities/stm32f4_discovery.o
LOAD Utilities/stm32f4_discovery_lis302dl.o
LOAD src/main.o
LOAD src/stm32f4xx_it.o
LOAD src/syscalls.o
LOAD src/system_stm32f4xx.o
LOAD startup/startup_stm32f4xx.o
START GROUP
LOAD c:/ac6/systemworkbench/plugins/fr.ac6.mcu.externaltools.arm-none.win32_1.13.1.201701261202/tools/compiler/bin/../lib/gcc/arm-none-eabi/5.4.1/armv7e-m/fpu\libgcc.a
LOAD c:/ac6/systemworkbench/plugins/fr.ac6.mcu.externaltools.arm-none.win32_1.13.1.201701261202/tools/compiler/bin/../lib/gcc/arm-none-eabi/5.4.1/../../../../arm-none-eabi/lib/armv7e-m/fpu\libc.a
END GROUP
LOAD c:/ac6/systemworkbench/plugins/fr.ac6.mcu.externaltools.arm-none.win32_1.13.1.201701261202/tools/compiler/bin/../lib/gcc/arm-none-eabi/5.4.1/armv7e-m/fpu/crtend.o
LOAD c:/ac6/systemworkbench/plugins/fr.ac6.mcu.externaltools.arm-none.win32_1.13.1.201701261202/tools/compiler/bin/../lib/gcc/arm-none-eabi/5.4.1/armv7e-m/fpu/crtn.o
                0x20020000                _estack = 0x20020000
                0x00000000                _Min_Heap_Size = 0x0
                0x00000400                _Min_Stack_Size = 0x400

.isr_vector     0x08000000      0x188
                0x08000000                . = ALIGN (0x4)
 *(.isr_vector)
 .isr_vector    0x08000000      0x188 startup/startup_stm32f4xx.o
                0x08000000                g_pfnVectors
                0x08000188                . = ALIGN (0x4)

.text           0x08000188      0xb54
                0x08000188                . = ALIGN (0x4)
 *(.text)
 .text          0x08000188       0x5c c:/ac6/systemworkbench/plugins/fr.ac6.mcu.externaltools.arm-none.win32_1.13.1.201701261202/tools/compiler/bin/../lib/gcc/arm-none-eabi/5.4.1/armv7e-m/fpu/crtbegin.o
 *(.text*)
 .text.NVIC_Init
                0x080001e4       0xc4 StdPeriph_Driver/src/misc.o
                0x080001e4                NVIC_Init
 .text.EXTI_Init
                0x080002a8       0xe4 StdPeriph_Driver/src/stm32f4xx_exti.o
                0x080002a8                EXTI_Init
 .text.EXTI_ClearFlag
                0x0800038c       0x20 StdPeriph_Driver/src/stm32f4xx_exti.o
                0x0800038c                EXTI_ClearFlag
 .text.EXTI_GetITStatus
                0x080003ac       0x48 StdPeriph_Driver/src/stm32f4xx_exti.o
                0x080003ac                EXTI_GetITStatus
 .text.GPIO_Init
                0x080003f4      0x11c StdPeriph_Driver/src/stm32f4xx_gpio.o
                0x080003f4                GPIO_Init
 .text.GPIO_SetBits
                0x08000510       0x20 StdPeriph_Driver/src/stm32f4xx_gpio.o
                0x08000510                GPIO_SetBits
 .text.RCC_AHB1PeriphClockCmd
                0x08000530       0x40 StdPeriph_Driver/src/stm32f4xx_rcc.o
                0x08000530                RCC_AHB1PeriphClockCmd
 .text.RCC_AHB2PeriphClockCmd
                0x08000570       0x40 StdPeriph_Driver/src/stm32f4xx_rcc.o
                0x08000570                RCC_AHB2PeriphClockCmd
 .text.RCC_APB1PeriphClockCmd
                0x080005b0       0x40 StdPeriph_Driver/src/stm32f4xx_rcc.o
                0x080005b0                RCC_APB1PeriphClockCmd
 .text.SYSCFG_EXTILineConfig
                0x080005f0       0x84 StdPeriph_Driver/src/stm32f4xx_syscfg.o
                0x080005f0                SYSCFG_EXTILineConfig
 .text.TIM_TimeBaseInit
                0x08000674       0xd8 StdPeriph_Driver/src/stm32f4xx_tim.o
                0x08000674                TIM_TimeBaseInit
 .text.TIM_Cmd  0x0800074c       0x40 StdPeriph_Driver/src/stm32f4xx_tim.o
                0x0800074c                TIM_Cmd
 .text.TIM_GenerateEvent
                0x0800078c       0x20 StdPeriph_Driver/src/stm32f4xx_tim.o
                0x0800078c                TIM_GenerateEvent
 .text.TIM_InternalClockConfig
                0x080007ac       0x24 StdPeriph_Driver/src/stm32f4xx_tim.o
                0x080007ac                TIM_InternalClockConfig
 .text.main     0x080007d0       0x2c src/main.o
                0x080007d0                main
 .text.TIMER2_Configuration
                0x080007fc       0x4c src/main.o
                0x080007fc                TIMER2_Configuration
 .text.GPIO_Configuration
                0x08000848       0x3c src/main.o
                0x08000848                GPIO_Configuration
 .text.EXTI_Configuration
                0x08000884       0x80 src/main.o
                0x08000884                EXTI_Configuration
 .text.NMI_Handler
                0x08000904       0x10 src/stm32f4xx_it.o
                0x08000904                NMI_Handler
 .text.HardFault_Handler
                0x08000914        0x8 src/stm32f4xx_it.o
                0x08000914                HardFault_Handler
 .text.MemManage_Handler
                0x0800091c        0x8 src/stm32f4xx_it.o
                0x0800091c                MemManage_Handler
 .text.BusFault_Handler
                0x08000924        0x8 src/stm32f4xx_it.o
                0x08000924                BusFault_Handler
 .text.UsageFault_Handler
                0x0800092c        0x8 src/stm32f4xx_it.o
                0x0800092c                UsageFault_Handler
 .text.SVC_Handler
                0x08000934       0x10 src/stm32f4xx_it.o
                0x08000934                SVC_Handler
 .text.DebugMon_Handler
                0x08000944       0x10 src/stm32f4xx_it.o
                0x08000944                DebugMon_Handler
 .text.PendSV_Handler
                0x08000954       0x10 src/stm32f4xx_it.o
                0x08000954                PendSV_Handler
 .text.EXTI0_IRQHandler
                0x08000964       0x50 src/stm32f4xx_it.o
                0x08000964                EXTI0_IRQHandler
 .text.SystemInit
                0x080009b4       0x5c src/system_stm32f4xx.o
                0x080009b4                SystemInit
 .text.SetSysClock
                0x08000a10      0x128 src/system_stm32f4xx.o
 .text.Reset_Handler
                0x08000b38       0x48 startup/startup_stm32f4xx.o
                0x08000b38                Reset_Handler
 .text.Default_Handler
                0x08000b80        0x2 startup/startup_stm32f4xx.o
                0x08000b80                RTC_Alarm_IRQHandler
                0x08000b80                HASH_RNG_IRQHandler
                0x08000b80                EXTI2_IRQHandler
                0x08000b80                TIM8_CC_IRQHandler
                0x08000b80                TIM1_CC_IRQHandler
                0x08000b80                DMA2_Stream5_IRQHandler
                0x08000b80                DMA1_Stream5_IRQHandler
                0x08000b80                SysTick_Handler
                0x08000b80                PVD_IRQHandler
                0x08000b80                SDIO_IRQHandler
                0x08000b80                TAMP_STAMP_IRQHandler
                0x08000b80                CAN2_RX1_IRQHandler
                0x08000b80                EXTI3_IRQHandler
                0x08000b80                TIM8_TRG_COM_TIM14_IRQHandler
                0x08000b80                TIM1_UP_TIM10_IRQHandler
                0x08000b80                TIM8_UP_TIM13_IRQHandler
                0x08000b80                I2C3_ER_IRQHandler
                0x08000b80                I2C2_EV_IRQHandler
                0x08000b80                DMA1_Stream2_IRQHandler
                0x08000b80                CAN1_RX0_IRQHandler
                0x08000b80                FPU_IRQHandler
                0x08000b80                OTG_HS_WKUP_IRQHandler
                0x08000b80                CAN2_SCE_IRQHandler
                0x08000b80                DMA2_Stream2_IRQHandler
                0x08000b80                SPI1_IRQHandler
                0x08000b80                TIM6_DAC_IRQHandler
                0x08000b80                TIM1_BRK_TIM9_IRQHandler
                0x08000b80                DCMI_IRQHandler
                0x08000b80                CAN2_RX0_IRQHandler
                0x08000b80                DMA2_Stream3_IRQHandler
                0x08000b80                USART6_IRQHandler
                0x08000b80                USART3_IRQHandler
                0x08000b80                CRYP_IRQHandler
                0x08000b80                CAN1_RX1_IRQHandler
                0x08000b80                UART5_IRQHandler
                0x08000b80                DMA2_Stream0_IRQHandler
                0x08000b80                TIM4_IRQHandler
                0x08000b80                I2C1_EV_IRQHandler
                0x08000b80                DMA1_Stream6_IRQHandler
                0x08000b80                DMA1_Stream1_IRQHandler
                0x08000b80                UART4_IRQHandler
                0x08000b80                TIM3_IRQHandler
                0x08000b80                RCC_IRQHandler
                0x08000b80                TIM8_BRK_TIM12_IRQHandler
                0x08000b80                Default_Handler
                0x08000b80                EXTI15_10_IRQHandler
                0x08000b80                ADC_IRQHandler
                0x08000b80                DMA1_Stream7_IRQHandler
                0x08000b80                TIM7_IRQHandler
                0x08000b80                CAN2_TX_IRQHandler
                0x08000b80                TIM5_IRQHandler
                0x08000b80                DMA2_Stream7_IRQHandler
                0x08000b80                I2C3_EV_IRQHandler
                0x08000b80                EXTI9_5_IRQHandler
                0x08000b80                RTC_WKUP_IRQHandler
                0x08000b80                ETH_WKUP_IRQHandler
                0x08000b80                SPI2_IRQHandler
                0x08000b80                OTG_HS_EP1_IN_IRQHandler
                0x08000b80                DMA1_Stream0_IRQHandler
                0x08000b80                CAN1_TX_IRQHandler
                0x08000b80                EXTI4_IRQHandler
                0x08000b80                FSMC_IRQHandler
                0x08000b80                ETH_IRQHandler
                0x08000b80                OTG_HS_EP1_OUT_IRQHandler
                0x08000b80                WWDG_IRQHandler
                0x08000b80                TIM2_IRQHandler
                0x08000b80                OTG_FS_WKUP_IRQHandler
                0x08000b80                TIM1_TRG_COM_TIM11_IRQHandler
                0x08000b80                OTG_HS_IRQHandler
                0x08000b80                EXTI1_IRQHandler
                0x08000b80                USART2_IRQHandler
                0x08000b80                I2C2_ER_IRQHandler
                0x08000b80                DMA2_Stream1_IRQHandler
                0x08000b80                CAN1_SCE_IRQHandler
                0x08000b80                FLASH_IRQHandler
                0x08000b80                DMA2_Stream4_IRQHandler
                0x08000b80                USART1_IRQHandler
                0x08000b80                OTG_FS_IRQHandler
                0x08000b80                SPI3_IRQHandler
                0x08000b80                DMA1_Stream4_IRQHandler
                0x08000b80                I2C1_ER_IRQHandler
                0x08000b80                DMA2_Stream6_IRQHandler
                0x08000b80                DMA1_Stream3_IRQHandler
 *fill*         0x08000b82        0x2 
 .text.__libc_init_array
                0x08000b84       0x50 c:/ac6/systemworkbench/plugins/fr.ac6.mcu.externaltools.arm-none.win32_1.13.1.201701261202/tools/compiler/bin/../lib/gcc/arm-none-eabi/5.4.1/../../../../arm-none-eabi/lib/armv7e-m/fpu\libc.a(lib_a-init.o)
                0x08000b84                __libc_init_array
 .text.startup.register_fini
                0x08000bd4       0x14 c:/ac6/systemworkbench/plugins/fr.ac6.mcu.externaltools.arm-none.win32_1.13.1.201701261202/tools/compiler/bin/../lib/gcc/arm-none-eabi/5.4.1/../../../../arm-none-eabi/lib/armv7e-m/fpu\libc.a(lib_a-__call_atexit.o)
 .text.atexit   0x08000be8        0xc c:/ac6/systemworkbench/plugins/fr.ac6.mcu.externaltools.arm-none.win32_1.13.1.201701261202/tools/compiler/bin/../lib/gcc/arm-none-eabi/5.4.1/../../../../arm-none-eabi/lib/armv7e-m/fpu\libc.a(lib_a-atexit.o)
                0x08000be8                atexit
 .text.__libc_fini_array
                0x08000bf4       0x28 c:/ac6/systemworkbench/plugins/fr.ac6.mcu.externaltools.arm-none.win32_1.13.1.201701261202/tools/compiler/bin/../lib/gcc/arm-none-eabi/5.4.1/../../../../arm-none-eabi/lib/armv7e-m/fpu\libc.a(lib_a-fini.o)
                0x08000bf4                __libc_fini_array
 .text.__register_exitproc
                0x08000c1c       0xa4 c:/ac6/systemworkbench/plugins/fr.ac6.mcu.externaltools.arm-none.win32_1.13.1.201701261202/tools/compiler/bin/../lib/gcc/arm-none-eabi/5.4.1/../../../../arm-none-eabi/lib/armv7e-m/fpu\libc.a(lib_a-__atexit.o)
                0x08000c1c                __register_exitproc
 *(.rodata)
 *(.rodata*)
 .rodata._global_impure_ptr
                0x08000cc0        0x4 c:/ac6/systemworkbench/plugins/fr.ac6.mcu.externaltools.arm-none.win32_1.13.1.201701261202/tools/compiler/bin/../lib/gcc/arm-none-eabi/5.4.1/../../../../arm-none-eabi/lib/armv7e-m/fpu\libc.a(lib_a-impure.o)
                0x08000cc0                _global_impure_ptr
 *(.glue_7)
 .glue_7        0x08000cc4        0x0 linker stubs
 *(.glue_7t)
 .glue_7t       0x08000cc4        0x0 linker stubs
 *(.eh_frame)
 .eh_frame      0x08000cc4        0x0 c:/ac6/systemworkbench/plugins/fr.ac6.mcu.externaltools.arm-none.win32_1.13.1.201701261202/tools/compiler/bin/../lib/gcc/arm-none-eabi/5.4.1/armv7e-m/fpu/crtbegin.o
 *(.init)
 .init          0x08000cc4        0x4 c:/ac6/systemworkbench/plugins/fr.ac6.mcu.externaltools.arm-none.win32_1.13.1.201701261202/tools/compiler/bin/../lib/gcc/arm-none-eabi/5.4.1/armv7e-m/fpu/crti.o
                0x08000cc4                _init
 .init          0x08000cc8        0x8 c:/ac6/systemworkbench/plugins/fr.ac6.mcu.externaltools.arm-none.win32_1.13.1.201701261202/tools/compiler/bin/../lib/gcc/arm-none-eabi/5.4.1/armv7e-m/fpu/crtn.o
 *(.fini)
 .fini          0x08000cd0        0x4 c:/ac6/systemworkbench/plugins/fr.ac6.mcu.externaltools.arm-none.win32_1.13.1.201701261202/tools/compiler/bin/../lib/gcc/arm-none-eabi/5.4.1/armv7e-m/fpu/crti.o
                0x08000cd0                _fini
 .fini          0x08000cd4        0x8 c:/ac6/systemworkbench/plugins/fr.ac6.mcu.externaltools.arm-none.win32_1.13.1.201701261202/tools/compiler/bin/../lib/gcc/arm-none-eabi/5.4.1/armv7e-m/fpu/crtn.o
                0x08000cdc                . = ALIGN (0x4)
                0x08000cdc                _etext = .

.vfp11_veneer   0x08000cdc        0x0
 .vfp11_veneer  0x08000cdc        0x0 linker stubs

.v4_bx          0x08000cdc        0x0
 .v4_bx         0x08000cdc        0x0 linker stubs

.iplt           0x08000cdc        0x0
 .iplt          0x08000cdc        0x0 c:/ac6/systemworkbench/plugins/fr.ac6.mcu.externaltools.arm-none.win32_1.13.1.201701261202/tools/compiler/bin/../lib/gcc/arm-none-eabi/5.4.1/armv7e-m/fpu/crtbegin.o

.rel.dyn        0x08000cdc        0x0
 .rel.iplt      0x08000cdc        0x0 c:/ac6/systemworkbench/plugins/fr.ac6.mcu.externaltools.arm-none.win32_1.13.1.201701261202/tools/compiler/bin/../lib/gcc/arm-none-eabi/5.4.1/armv7e-m/fpu/crtbegin.o

.ARM.extab
 *(.ARM.extab* .gnu.linkonce.armextab.*)

.ARM            0x08000cdc        0x0
                0x08000cdc                __exidx_start = .
 *(.ARM.exidx*)
                0x08000cdc                __exidx_end = .

.preinit_array  0x08000cdc        0x0
                0x08000cdc                PROVIDE (__preinit_array_start, .)
 *(.preinit_array*)
                0x08000cdc                PROVIDE (__preinit_array_end, .)

.init_array     0x08000cdc        0x8
                0x08000cdc                PROVIDE (__init_array_start, .)
 *(SORT(.init_array.*))
 .init_array.00000
                0x08000cdc        0x4 c:/ac6/systemworkbench/plugins/fr.ac6.mcu.externaltools.arm-none.win32_1.13.1.201701261202/tools/compiler/bin/../lib/gcc/arm-none-eabi/5.4.1/../../../../arm-none-eabi/lib/armv7e-m/fpu\libc.a(lib_a-__call_atexit.o)
 *(.init_array*)
 .init_array    0x08000ce0        0x4 c:/ac6/systemworkbench/plugins/fr.ac6.mcu.externaltools.arm-none.win32_1.13.1.201701261202/tools/compiler/bin/../lib/gcc/arm-none-eabi/5.4.1/armv7e-m/fpu/crtbegin.o
                0x08000ce4                PROVIDE (__init_array_end, .)

.fini_array     0x08000ce4        0x4
                0x08000ce4                PROVIDE (__fini_array_start, .)
 *(.fini_array*)
 .fini_array    0x08000ce4        0x4 c:/ac6/systemworkbench/plugins/fr.ac6.mcu.externaltools.arm-none.win32_1.13.1.201701261202/tools/compiler/bin/../lib/gcc/arm-none-eabi/5.4.1/armv7e-m/fpu/crtbegin.o
 *(SORT(.fini_array.*))
                0x08000ce8                PROVIDE (__fini_array_end, .)
                0x08000ce8                _sidata = .

.data           0x20000000      0x428 load address 0x08000ce8
                0x20000000                . = ALIGN (0x4)
                0x20000000                _sdata = .
 *(.data)
 *(.data*)
 .data.impure_data
                0x20000000      0x428 c:/ac6/systemworkbench/plugins/fr.ac6.mcu.externaltools.arm-none.win32_1.13.1.201701261202/tools/compiler/bin/../lib/gcc/arm-none-eabi/5.4.1/../../../../arm-none-eabi/lib/armv7e-m/fpu\libc.a(lib_a-impure.o)
                0x20000428                . = ALIGN (0x4)
                0x20000428                _edata = .

.jcr            0x20000428        0x0 load address 0x08001110
 .jcr           0x20000428        0x0 c:/ac6/systemworkbench/plugins/fr.ac6.mcu.externaltools.arm-none.win32_1.13.1.201701261202/tools/compiler/bin/../lib/gcc/arm-none-eabi/5.4.1/armv7e-m/fpu/crtbegin.o

.igot.plt       0x20000428        0x0 load address 0x08001110
 .igot.plt      0x20000428        0x0 c:/ac6/systemworkbench/plugins/fr.ac6.mcu.externaltools.arm-none.win32_1.13.1.201701261202/tools/compiler/bin/../lib/gcc/arm-none-eabi/5.4.1/armv7e-m/fpu/crtbegin.o
                0x20000428                . = ALIGN (0x4)

.bss            0x20000428       0x20 load address 0x08001110
                0x20000428                _sbss = .
                0x20000428                __bss_start__ = _sbss
 *(.bss)
 .bss           0x20000428       0x1c c:/ac6/systemworkbench/plugins/fr.ac6.mcu.externaltools.arm-none.win32_1.13.1.201701261202/tools/compiler/bin/../lib/gcc/arm-none-eabi/5.4.1/armv7e-m/fpu/crtbegin.o
 .bss           0x20000444        0x1 src/stm32f4xx_it.o
 *(.bss*)
 *(COMMON)
                0x20000448                . = ALIGN (0x4)
 *fill*         0x20000445        0x3 
                0x20000448                _ebss = .
                0x20000448                __bss_end__ = _ebss

._user_heap_stack
                0x20000448      0x400 load address 0x08001130
                0x20000448                . = ALIGN (0x8)
                0x20000448                PROVIDE (end, .)
                [!provide]                PROVIDE (_end, .)
                0x20000448                . = (. + _Min_Heap_Size)
                0x20000848                . = (. + _Min_Stack_Size)
 *fill*         0x20000448      0x400 
                0x20000848                . = ALIGN (0x8)

.memory_b1_text
 *(.mb1text)
 *(.mb1text*)
 *(.mb1rodata)
 *(.mb1rodata*)

/DISCARD/
 libc.a(*)
 libm.a(*)
 libgcc.a(*)

.ARM.attributes
                0x00000000       0x30
 *(.ARM.attributes)
 .ARM.attributes
                0x00000000       0x22 c:/ac6/systemworkbench/plugins/fr.ac6.mcu.externaltools.arm-none.win32_1.13.1.201701261202/tools/compiler/bin/../lib/gcc/arm-none-eabi/5.4.1/armv7e-m/fpu/crti.o
 .ARM.attributes
                0x00000022       0x34 c:/ac6/systemworkbench/plugins/fr.ac6.mcu.externaltools.arm-none.win32_1.13.1.201701261202/tools/compiler/bin/../lib/gcc/arm-none-eabi/5.4.1/armv7e-m/fpu/crtbegin.o
 .ARM.attributes
                0x00000056       0x39 StdPeriph_Driver/src/misc.o
 .ARM.attributes
                0x0000008f       0x39 StdPeriph_Driver/src/stm32f4xx_exti.o
 .ARM.attributes
                0x000000c8       0x39 StdPeriph_Driver/src/stm32f4xx_gpio.o
 .ARM.attributes
                0x00000101       0x39 StdPeriph_Driver/src/stm32f4xx_rcc.o
 .ARM.attributes
                0x0000013a       0x39 StdPeriph_Driver/src/stm32f4xx_syscfg.o
 .ARM.attributes
                0x00000173       0x39 StdPeriph_Driver/src/stm32f4xx_tim.o
 .ARM.attributes
                0x000001ac       0x39 src/main.o
 .ARM.attributes
                0x000001e5       0x39 src/stm32f4xx_it.o
 .ARM.attributes
                0x0000021e       0x39 src/system_stm32f4xx.o
 .ARM.attributes
                0x00000257       0x21 startup/startup_stm32f4xx.o
 .ARM.attributes
                0x00000278       0x34 c:/ac6/systemworkbench/plugins/fr.ac6.mcu.externaltools.arm-none.win32_1.13.1.201701261202/tools/compiler/bin/../lib/gcc/arm-none-eabi/5.4.1/../../../../arm-none-eabi/lib/armv7e-m/fpu\libc.a(lib_a-impure.o)
 .ARM.attributes
                0x000002ac       0x34 c:/ac6/systemworkbench/plugins/fr.ac6.mcu.externaltools.arm-none.win32_1.13.1.201701261202/tools/compiler/bin/../lib/gcc/arm-none-eabi/5.4.1/../../../../arm-none-eabi/lib/armv7e-m/fpu\libc.a(lib_a-init.o)
 .ARM.attributes
                0x000002e0       0x34 c:/ac6/systemworkbench/plugins/fr.ac6.mcu.externaltools.arm-none.win32_1.13.1.201701261202/tools/compiler/bin/../lib/gcc/arm-none-eabi/5.4.1/../../../../arm-none-eabi/lib/armv7e-m/fpu\libc.a(lib_a-__call_atexit.o)
 .ARM.attributes
                0x00000314       0x34 c:/ac6/systemworkbench/plugins/fr.ac6.mcu.externaltools.arm-none.win32_1.13.1.201701261202/tools/compiler/bin/../lib/gcc/arm-none-eabi/5.4.1/../../../../arm-none-eabi/lib/armv7e-m/fpu\libc.a(lib_a-atexit.o)
 .ARM.attributes
                0x00000348       0x34 c:/ac6/systemworkbench/plugins/fr.ac6.mcu.externaltools.arm-none.win32_1.13.1.201701261202/tools/compiler/bin/../lib/gcc/arm-none-eabi/5.4.1/../../../../arm-none-eabi/lib/armv7e-m/fpu\libc.a(lib_a-fini.o)
 .ARM.attributes
                0x0000037c       0x34 c:/ac6/systemworkbench/plugins/fr.ac6.mcu.externaltools.arm-none.win32_1.13.1.201701261202/tools/compiler/bin/../lib/gcc/arm-none-eabi/5.4.1/../../../../arm-none-eabi/lib/armv7e-m/fpu\libc.a(lib_a-__atexit.o)
 .ARM.attributes
                0x000003b0       0x22 c:/ac6/systemworkbench/plugins/fr.ac6.mcu.externaltools.arm-none.win32_1.13.1.201701261202/tools/compiler/bin/../lib/gcc/arm-none-eabi/5.4.1/armv7e-m/fpu/crtn.o
OUTPUT(fullProject.elf elf32-littlearm)

.debug_info     0x00000000     0x4bb9
 .debug_info    0x00000000      0x55e StdPeriph_Driver/src/misc.o
 .debug_info    0x0000055e      0x35f StdPeriph_Driver/src/stm32f4xx_exti.o
 .debug_info    0x000008bd      0x622 StdPeriph_Driver/src/stm32f4xx_gpio.o
 .debug_info    0x00000edf      0xc6b StdPeriph_Driver/src/stm32f4xx_rcc.o
 .debug_info    0x00001b4a      0x27c StdPeriph_Driver/src/stm32f4xx_syscfg.o
 .debug_info    0x00001dc6     0x1c71 StdPeriph_Driver/src/stm32f4xx_tim.o
 .debug_info    0x00003a37      0x8f7 src/main.o
 .debug_info    0x0000432e      0x260 src/stm32f4xx_it.o
 .debug_info    0x0000458e      0x5cd src/system_stm32f4xx.o
 .debug_info    0x00004b5b       0x5e startup/startup_stm32f4xx.o

.debug_abbrev   0x00000000      0xd08
 .debug_abbrev  0x00000000      0x14c StdPeriph_Driver/src/misc.o
 .debug_abbrev  0x0000014c      0x1ae StdPeriph_Driver/src/stm32f4xx_exti.o
 .debug_abbrev  0x000002fa      0x1ac StdPeriph_Driver/src/stm32f4xx_gpio.o
 .debug_abbrev  0x000004a6      0x1ea StdPeriph_Driver/src/stm32f4xx_rcc.o
 .debug_abbrev  0x00000690      0x138 StdPeriph_Driver/src/stm32f4xx_syscfg.o
 .debug_abbrev  0x000007c8      0x18e StdPeriph_Driver/src/stm32f4xx_tim.o
 .debug_abbrev  0x00000956      0x165 src/main.o
 .debug_abbrev  0x00000abb       0xfe src/stm32f4xx_it.o
 .debug_abbrev  0x00000bb9      0x13d src/system_stm32f4xx.o
 .debug_abbrev  0x00000cf6       0x12 startup/startup_stm32f4xx.o

.debug_aranges  0x00000000      0x6d8
 .debug_aranges
                0x00000000       0x40 StdPeriph_Driver/src/misc.o
 .debug_aranges
                0x00000040       0x58 StdPeriph_Driver/src/stm32f4xx_exti.o
 .debug_aranges
                0x00000098       0x88 StdPeriph_Driver/src/stm32f4xx_gpio.o
 .debug_aranges
                0x00000120      0x178 StdPeriph_Driver/src/stm32f4xx_rcc.o
 .debug_aranges
                0x00000298       0x48 StdPeriph_Driver/src/stm32f4xx_syscfg.o
 .debug_aranges
                0x000002e0      0x2f8 StdPeriph_Driver/src/stm32f4xx_tim.o
 .debug_aranges
                0x000005d8       0x48 src/main.o
 .debug_aranges
                0x00000620       0x60 src/stm32f4xx_it.o
 .debug_aranges
                0x00000680       0x30 src/system_stm32f4xx.o
 .debug_aranges
                0x000006b0       0x28 startup/startup_stm32f4xx.o

.debug_ranges   0x00000000      0x640
 .debug_ranges  0x00000000       0x30 StdPeriph_Driver/src/misc.o
 .debug_ranges  0x00000030       0x48 StdPeriph_Driver/src/stm32f4xx_exti.o
 .debug_ranges  0x00000078       0x78 StdPeriph_Driver/src/stm32f4xx_gpio.o
 .debug_ranges  0x000000f0      0x168 StdPeriph_Driver/src/stm32f4xx_rcc.o
 .debug_ranges  0x00000258       0x38 StdPeriph_Driver/src/stm32f4xx_syscfg.o
 .debug_ranges  0x00000290      0x2e8 StdPeriph_Driver/src/stm32f4xx_tim.o
 .debug_ranges  0x00000578       0x38 src/main.o
 .debug_ranges  0x000005b0       0x50 src/stm32f4xx_it.o
 .debug_ranges  0x00000600       0x20 src/system_stm32f4xx.o
 .debug_ranges  0x00000620       0x20 startup/startup_stm32f4xx.o

.debug_macro    0x00000000     0xf2d2
 .debug_macro   0x00000000      0x1c5 StdPeriph_Driver/src/misc.o
 .debug_macro   0x000001c5      0x8b0 StdPeriph_Driver/src/misc.o
 .debug_macro   0x00000a75       0x63 StdPeriph_Driver/src/misc.o
 .debug_macro   0x00000ad8       0x35 StdPeriph_Driver/src/misc.o
 .debug_macro   0x00000b0d       0x22 StdPeriph_Driver/src/misc.o
 .debug_macro   0x00000b2f       0x87 StdPeriph_Driver/src/misc.o
 .debug_macro   0x00000bb6       0x44 StdPeriph_Driver/src/misc.o
 .debug_macro   0x00000bfa       0xfd StdPeriph_Driver/src/misc.o
 .debug_macro   0x00000cf7       0x5e StdPeriph_Driver/src/misc.o
 .debug_macro   0x00000d55      0x1df StdPeriph_Driver/src/misc.o
 .debug_macro   0x00000f34       0x18 StdPeriph_Driver/src/misc.o
 .debug_macro   0x00000f4c       0x42 StdPeriph_Driver/src/misc.o
 .debug_macro   0x00000f8e      0x8cb StdPeriph_Driver/src/misc.o
 .debug_macro   0x00001859     0x8057 StdPeriph_Driver/src/misc.o
 .debug_macro   0x000098b0       0x16 StdPeriph_Driver/src/misc.o
 .debug_macro   0x000098c6      0x44e StdPeriph_Driver/src/misc.o
 .debug_macro   0x00009d14      0x3cf StdPeriph_Driver/src/misc.o
 .debug_macro   0x0000a0e3      0x111 StdPeriph_Driver/src/misc.o
 .debug_macro   0x0000a1f4      0x182 StdPeriph_Driver/src/misc.o
 .debug_macro   0x0000a376       0xb2 StdPeriph_Driver/src/misc.o
 .debug_macro   0x0000a428      0x146 StdPeriph_Driver/src/misc.o
 .debug_macro   0x0000a56e      0x477 StdPeriph_Driver/src/misc.o
 .debug_macro   0x0000a9e5       0xac StdPeriph_Driver/src/misc.o
 .debug_macro   0x0000aa91      0x241 StdPeriph_Driver/src/misc.o
 .debug_macro   0x0000acd2      0x279 StdPeriph_Driver/src/misc.o
 .debug_macro   0x0000af4b       0xb5 StdPeriph_Driver/src/misc.o
 .debug_macro   0x0000b000      0x265 StdPeriph_Driver/src/misc.o
 .debug_macro   0x0000b265      0x2b1 StdPeriph_Driver/src/misc.o
 .debug_macro   0x0000b516       0x64 StdPeriph_Driver/src/misc.o
 .debug_macro   0x0000b57a       0xa6 StdPeriph_Driver/src/misc.o
 .debug_macro   0x0000b620      0x538 StdPeriph_Driver/src/misc.o
 .debug_macro   0x0000bb58       0x40 StdPeriph_Driver/src/misc.o
 .debug_macro   0x0000bb98      0x57a StdPeriph_Driver/src/misc.o
 .debug_macro   0x0000c112      0x341 StdPeriph_Driver/src/misc.o
 .debug_macro   0x0000c453      0x36a StdPeriph_Driver/src/misc.o
 .debug_macro   0x0000c7bd       0xdf StdPeriph_Driver/src/misc.o
 .debug_macro   0x0000c89c      0x73b StdPeriph_Driver/src/misc.o
 .debug_macro   0x0000cfd7      0x220 StdPeriph_Driver/src/misc.o
 .debug_macro   0x0000d1f7       0x34 StdPeriph_Driver/src/misc.o
 .debug_macro   0x0000d22b       0x35 StdPeriph_Driver/src/misc.o
 .debug_macro   0x0000d260       0x79 StdPeriph_Driver/src/misc.o
 .debug_macro   0x0000d2d9      0x1c5 StdPeriph_Driver/src/stm32f4xx_exti.o
 .debug_macro   0x0000d49e       0xa6 StdPeriph_Driver/src/stm32f4xx_exti.o
 .debug_macro   0x0000d544      0x1c3 StdPeriph_Driver/src/stm32f4xx_gpio.o
 .debug_macro   0x0000d707      0x25f StdPeriph_Driver/src/stm32f4xx_gpio.o
 .debug_macro   0x0000d966      0x267 StdPeriph_Driver/src/stm32f4xx_rcc.o
 .debug_macro   0x0000dbcd      0x532 StdPeriph_Driver/src/stm32f4xx_rcc.o
 .debug_macro   0x0000e0ff      0x1ed StdPeriph_Driver/src/stm32f4xx_syscfg.o
 .debug_macro   0x0000e2ec       0xd9 StdPeriph_Driver/src/stm32f4xx_syscfg.o
 .debug_macro   0x0000e3c5      0x1ed StdPeriph_Driver/src/stm32f4xx_tim.o
 .debug_macro   0x0000e5b2      0x735 StdPeriph_Driver/src/stm32f4xx_tim.o
 .debug_macro   0x0000ece7      0x1be src/main.o
 .debug_macro   0x0000eea5       0x88 src/main.o
 .debug_macro   0x0000ef2d      0x1bf src/stm32f4xx_it.o
 .debug_macro   0x0000f0ec      0x1e6 src/system_stm32f4xx.o

.debug_line     0x00000000     0x4653
 .debug_line    0x00000000      0x62c StdPeriph_Driver/src/misc.o
 .debug_line    0x0000062c      0x685 StdPeriph_Driver/src/stm32f4xx_exti.o
 .debug_line    0x00000cb1      0x744 StdPeriph_Driver/src/stm32f4xx_gpio.o
 .debug_line    0x000013f5      0x98a StdPeriph_Driver/src/stm32f4xx_rcc.o
 .debug_line    0x00001d7f      0x63d StdPeriph_Driver/src/stm32f4xx_syscfg.o
 .debug_line    0x000023bc      0xea6 StdPeriph_Driver/src/stm32f4xx_tim.o
 .debug_line    0x00003262      0x694 src/main.o
 .debug_line    0x000038f6      0x69c src/stm32f4xx_it.o
 .debug_line    0x00003f92      0x646 src/system_stm32f4xx.o
 .debug_line    0x000045d8       0x7b startup/startup_stm32f4xx.o

.debug_str      0x00000000    0x58722
 .debug_str     0x00000000    0x55ee9 StdPeriph_Driver/src/misc.o
                              0x56086 (size before relaxing)
 .debug_str     0x00055ee9      0x1e5 StdPeriph_Driver/src/stm32f4xx_exti.o
                              0x56009 (size before relaxing)
 .debug_str     0x000560ce      0x2ff StdPeriph_Driver/src/stm32f4xx_gpio.o
                              0x56131 (size before relaxing)
 .debug_str     0x000563cd      0xb03 StdPeriph_Driver/src/stm32f4xx_rcc.o
                              0x569b2 (size before relaxing)
 .debug_str     0x00056ed0      0x2a2 StdPeriph_Driver/src/stm32f4xx_syscfg.o
                              0x560e2 (size before relaxing)
 .debug_str     0x00057172      0xc2f StdPeriph_Driver/src/stm32f4xx_tim.o
                              0x56b25 (size before relaxing)
 .debug_str     0x00057da1      0x7db src/main.o
                              0x56a2e (size before relaxing)
 .debug_str     0x0005857c       0xbf src/stm32f4xx_it.o
                              0x55f0f (size before relaxing)
 .debug_str     0x0005863b       0xe7 src/system_stm32f4xx.o
                              0x5607c (size before relaxing)

.comment        0x00000000       0x6e
 .comment       0x00000000       0x6e StdPeriph_Driver/src/misc.o
                                 0x6f (size before relaxing)
 .comment       0x0000006e       0x6f StdPeriph_Driver/src/stm32f4xx_exti.o
 .comment       0x0000006e       0x6f StdPeriph_Driver/src/stm32f4xx_gpio.o
 .comment       0x0000006e       0x6f StdPeriph_Driver/src/stm32f4xx_rcc.o
 .comment       0x0000006e       0x6f StdPeriph_Driver/src/stm32f4xx_syscfg.o
 .comment       0x0000006e       0x6f StdPeriph_Driver/src/stm32f4xx_tim.o
 .comment       0x0000006e       0x6f src/main.o
 .comment       0x0000006e       0x6f src/stm32f4xx_it.o
 .comment       0x0000006e       0x6f src/system_stm32f4xx.o

.debug_frame    0x00000000     0x1dec
 .debug_frame   0x00000000       0xd8 StdPeriph_Driver/src/misc.o
 .debug_frame   0x000000d8      0x148 StdPeriph_Driver/src/stm32f4xx_exti.o
 .debug_frame   0x00000220      0x23c StdPeriph_Driver/src/stm32f4xx_gpio.o
 .debug_frame   0x0000045c      0x6d4 StdPeriph_Driver/src/stm32f4xx_rcc.o
 .debug_frame   0x00000b30       0xf4 StdPeriph_Driver/src/stm32f4xx_syscfg.o
 .debug_frame   0x00000c24      0xe54 StdPeriph_Driver/src/stm32f4xx_tim.o
 .debug_frame   0x00001a78       0xe8 src/main.o
 .debug_frame   0x00001b60      0x10c src/stm32f4xx_it.o
 .debug_frame   0x00001c6c       0x7c src/system_stm32f4xx.o
 .debug_frame   0x00001ce8       0x2c c:/ac6/systemworkbench/plugins/fr.ac6.mcu.externaltools.arm-none.win32_1.13.1.201701261202/tools/compiler/bin/../lib/gcc/arm-none-eabi/5.4.1/../../../../arm-none-eabi/lib/armv7e-m/fpu\libc.a(lib_a-init.o)
 .debug_frame   0x00001d14       0x50 c:/ac6/systemworkbench/plugins/fr.ac6.mcu.externaltools.arm-none.win32_1.13.1.201701261202/tools/compiler/bin/../lib/gcc/arm-none-eabi/5.4.1/../../../../arm-none-eabi/lib/armv7e-m/fpu\libc.a(lib_a-__call_atexit.o)
 .debug_frame   0x00001d64       0x20 c:/ac6/systemworkbench/plugins/fr.ac6.mcu.externaltools.arm-none.win32_1.13.1.201701261202/tools/compiler/bin/../lib/gcc/arm-none-eabi/5.4.1/../../../../arm-none-eabi/lib/armv7e-m/fpu\libc.a(lib_a-atexit.o)
 .debug_frame   0x00001d84       0x34 c:/ac6/systemworkbench/plugins/fr.ac6.mcu.externaltools.arm-none.win32_1.13.1.201701261202/tools/compiler/bin/../lib/gcc/arm-none-eabi/5.4.1/../../../../arm-none-eabi/lib/armv7e-m/fpu\libc.a(lib_a-fini.o)
 .debug_frame   0x00001db8       0x34 c:/ac6/systemworkbench/plugins/fr.ac6.mcu.externaltools.arm-none.win32_1.13.1.201701261202/tools/compiler/bin/../lib/gcc/arm-none-eabi/5.4.1/../../../../arm-none-eabi/lib/armv7e-m/fpu\libc.a(lib_a-__atexit.o)
