Archive member included to satisfy reference by file (symbol)

c:/ac6/systemworkbench/plugins/fr.ac6.mcu.externaltools.arm-none.win32_1.13.1.201701261202/tools/compiler/bin/../lib/gcc/arm-none-eabi/5.4.1/../../../../arm-none-eabi/lib/armv7e-m/fpu\libc.a(lib_a-errno.o)
                              src/syscalls.o (__errno)
c:/ac6/systemworkbench/plugins/fr.ac6.mcu.externaltools.arm-none.win32_1.13.1.201701261202/tools/compiler/bin/../lib/gcc/arm-none-eabi/5.4.1/../../../../arm-none-eabi/lib/armv7e-m/fpu\libc.a(lib_a-exit.o)
                              c:/ac6/systemworkbench/plugins/fr.ac6.mcu.externaltools.arm-none.win32_1.13.1.201701261202/tools/compiler/bin/../lib/gcc/arm-none-eabi/5.4.1/../../../../arm-none-eabi/lib/armv7e-m/fpu/crt0.o (exit)
c:/ac6/systemworkbench/plugins/fr.ac6.mcu.externaltools.arm-none.win32_1.13.1.201701261202/tools/compiler/bin/../lib/gcc/arm-none-eabi/5.4.1/../../../../arm-none-eabi/lib/armv7e-m/fpu\libc.a(lib_a-impure.o)
                              c:/ac6/systemworkbench/plugins/fr.ac6.mcu.externaltools.arm-none.win32_1.13.1.201701261202/tools/compiler/bin/../lib/gcc/arm-none-eabi/5.4.1/../../../../arm-none-eabi/lib/armv7e-m/fpu\libc.a(lib_a-exit.o) (_global_impure_ptr)
c:/ac6/systemworkbench/plugins/fr.ac6.mcu.externaltools.arm-none.win32_1.13.1.201701261202/tools/compiler/bin/../lib/gcc/arm-none-eabi/5.4.1/../../../../arm-none-eabi/lib/armv7e-m/fpu\libc.a(lib_a-init.o)
                              c:/ac6/systemworkbench/plugins/fr.ac6.mcu.externaltools.arm-none.win32_1.13.1.201701261202/tools/compiler/bin/../lib/gcc/arm-none-eabi/5.4.1/../../../../arm-none-eabi/lib/armv7e-m/fpu/crt0.o (__libc_init_array)
c:/ac6/systemworkbench/plugins/fr.ac6.mcu.externaltools.arm-none.win32_1.13.1.201701261202/tools/compiler/bin/../lib/gcc/arm-none-eabi/5.4.1/../../../../arm-none-eabi/lib/armv7e-m/fpu\libc.a(lib_a-memset.o)
                              c:/ac6/systemworkbench/plugins/fr.ac6.mcu.externaltools.arm-none.win32_1.13.1.201701261202/tools/compiler/bin/../lib/gcc/arm-none-eabi/5.4.1/../../../../arm-none-eabi/lib/armv7e-m/fpu/crt0.o (memset)
c:/ac6/systemworkbench/plugins/fr.ac6.mcu.externaltools.arm-none.win32_1.13.1.201701261202/tools/compiler/bin/../lib/gcc/arm-none-eabi/5.4.1/../../../../arm-none-eabi/lib/armv7e-m/fpu\libc.a(lib_a-__call_atexit.o)
                              c:/ac6/systemworkbench/plugins/fr.ac6.mcu.externaltools.arm-none.win32_1.13.1.201701261202/tools/compiler/bin/../lib/gcc/arm-none-eabi/5.4.1/../../../../arm-none-eabi/lib/armv7e-m/fpu\libc.a(lib_a-exit.o) (__call_exitprocs)
c:/ac6/systemworkbench/plugins/fr.ac6.mcu.externaltools.arm-none.win32_1.13.1.201701261202/tools/compiler/bin/../lib/gcc/arm-none-eabi/5.4.1/../../../../arm-none-eabi/lib/armv7e-m/fpu\libc.a(lib_a-atexit.o)
                              c:/ac6/systemworkbench/plugins/fr.ac6.mcu.externaltools.arm-none.win32_1.13.1.201701261202/tools/compiler/bin/../lib/gcc/arm-none-eabi/5.4.1/../../../../arm-none-eabi/lib/armv7e-m/fpu\libc.a(lib_a-__call_atexit.o) (atexit)
c:/ac6/systemworkbench/plugins/fr.ac6.mcu.externaltools.arm-none.win32_1.13.1.201701261202/tools/compiler/bin/../lib/gcc/arm-none-eabi/5.4.1/../../../../arm-none-eabi/lib/armv7e-m/fpu\libc.a(lib_a-fini.o)
                              c:/ac6/systemworkbench/plugins/fr.ac6.mcu.externaltools.arm-none.win32_1.13.1.201701261202/tools/compiler/bin/../lib/gcc/arm-none-eabi/5.4.1/../../../../arm-none-eabi/lib/armv7e-m/fpu\libc.a(lib_a-__call_atexit.o) (__libc_fini_array)
c:/ac6/systemworkbench/plugins/fr.ac6.mcu.externaltools.arm-none.win32_1.13.1.201701261202/tools/compiler/bin/../lib/gcc/arm-none-eabi/5.4.1/../../../../arm-none-eabi/lib/armv7e-m/fpu\libc.a(lib_a-__atexit.o)
                              c:/ac6/systemworkbench/plugins/fr.ac6.mcu.externaltools.arm-none.win32_1.13.1.201701261202/tools/compiler/bin/../lib/gcc/arm-none-eabi/5.4.1/../../../../arm-none-eabi/lib/armv7e-m/fpu\libc.a(lib_a-atexit.o) (__register_exitproc)

Allocating common symbols
Common symbol       size              file

masterTask          0x3               src/LIN_CONFIG.o
msDelayCount        0x4               src/DELAY.o
usDelayCount        0x4               src/DELAY.o
NVIC_InitStructure  0x4               Utilities/stm32f4_discovery.o

Discarded input sections

 .text          0x00000000        0x0 c:/ac6/systemworkbench/plugins/fr.ac6.mcu.externaltools.arm-none.win32_1.13.1.201701261202/tools/compiler/bin/../lib/gcc/arm-none-eabi/5.4.1/armv7e-m/fpu/crti.o
 .data          0x00000000        0x0 c:/ac6/systemworkbench/plugins/fr.ac6.mcu.externaltools.arm-none.win32_1.13.1.201701261202/tools/compiler/bin/../lib/gcc/arm-none-eabi/5.4.1/armv7e-m/fpu/crti.o
 .bss           0x00000000        0x0 c:/ac6/systemworkbench/plugins/fr.ac6.mcu.externaltools.arm-none.win32_1.13.1.201701261202/tools/compiler/bin/../lib/gcc/arm-none-eabi/5.4.1/armv7e-m/fpu/crti.o
[...]
Memory Configuration

Name             Origin             Length             Attributes
FLASH            0x08000000         0x00100000         xr
RAM              0x20000000         0x00030000         xrw
MEMORY_B1        0x60000000         0x00000000         xr
*default*        0x00000000         0xffffffff

Linker script and memory map

LOAD c:/ac6/systemworkbench/plugins/fr.ac6.mcu.externaltools.arm-none.win32_1.13.1.201701261202/tools/compiler/bin/../lib/gcc/arm-none-eabi/5.4.1/armv7e-m/fpu/crti.o
LOAD c:/ac6/systemworkbench/plugins/fr.ac6.mcu.externaltools.arm-none.win32_1.13.1.201701261202/tools/compiler/bin/../lib/gcc/arm-none-eabi/5.4.1/armv7e-m/fpu/crtbegin.o
LOAD c:/ac6/systemworkbench/plugins/fr.ac6.mcu.externaltools.arm-none.win32_1.13.1.201701261202/tools/compiler/bin/../lib/gcc/arm-none-eabi/5.4.1/../../../../arm-none-eabi/lib/armv7e-m/fpu/crt0.o
LOAD c:/ac6/systemworkbench/plugins/fr.ac6.mcu.externaltools.arm-none.win32_1.13.1.201701261202/tools/compiler/bin/../lib/gcc/arm-none-eabi/5.4.1/../../../../arm-none-eabi/lib/armv7e-m/fpu\libm.a
LOAD StdPeriph_Driver/src/misc.o
LOAD StdPeriph_Driver/src/stm32f4xx_adc.o
LOAD StdPeriph_Driver/src/stm32f4xx_can.o
LOAD StdPeriph_Driver/src/stm32f4xx_crc.o
LOAD StdPeriph_Driver/src/stm32f4xx_cryp.o
LOAD StdPeriph_Driver/src/stm32f4xx_cryp_aes.o
LOAD StdPeriph_Driver/src/stm32f4xx_cryp_des.o
LOAD StdPeriph_Driver/src/stm32f4xx_cryp_tdes.o
LOAD StdPeriph_Driver/src/stm32f4xx_dac.o
LOAD StdPeriph_Driver/src/stm32f4xx_dbgmcu.o
LOAD StdPeriph_Driver/src/stm32f4xx_dcmi.o
LOAD StdPeriph_Driver/src/stm32f4xx_dma.o
LOAD StdPeriph_Driver/src/stm32f4xx_exti.o
LOAD StdPeriph_Driver/src/stm32f4xx_flash.o
LOAD StdPeriph_Driver/src/stm32f4xx_fsmc.o
LOAD StdPeriph_Driver/src/stm32f4xx_gpio.o
LOAD StdPeriph_Driver/src/stm32f4xx_hash.o
LOAD StdPeriph_Driver/src/stm32f4xx_hash_md5.o
LOAD StdPeriph_Driver/src/stm32f4xx_hash_sha1.o
LOAD StdPeriph_Driver/src/stm32f4xx_i2c.o
LOAD StdPeriph_Driver/src/stm32f4xx_iwdg.o
LOAD StdPeriph_Driver/src/stm32f4xx_pwr.o
LOAD StdPeriph_Driver/src/stm32f4xx_rcc.o
LOAD StdPeriph_Driver/src/stm32f4xx_rng.o
LOAD StdPeriph_Driver/src/stm32f4xx_rtc.o
LOAD StdPeriph_Driver/src/stm32f4xx_sdio.o
LOAD StdPeriph_Driver/src/stm32f4xx_spi.o
LOAD StdPeriph_Driver/src/stm32f4xx_syscfg.o
LOAD StdPeriph_Driver/src/stm32f4xx_tim.o
LOAD StdPeriph_Driver/src/stm32f4xx_usart.o
LOAD StdPeriph_Driver/src/stm32f4xx_wwdg.o
LOAD Utilities/stm32f4_discovery.o
LOAD Utilities/stm32f4_discovery_lis302dl.o
LOAD src/DELAY.o
LOAD src/DELAY_NORMAL.o
LOAD src/LED_CONFIGURATION.o
LOAD src/LIN_CONFIG.o
LOAD src/LIN_CONFIGURATION.o
LOAD src/main.o
LOAD src/stm32f4xx_it.o
LOAD src/syscalls.o
LOAD src/system_stm32f4xx.o
LOAD startup/startup_stm32f4xx.o
START GROUP
LOAD c:/ac6/systemworkbench/plugins/fr.ac6.mcu.externaltools.arm-none.win32_1.13.1.201701261202/tools/compiler/bin/../lib/gcc/arm-none-eabi/5.4.1/armv7e-m/fpu\libgcc.a
LOAD c:/ac6/systemworkbench/plugins/fr.ac6.mcu.externaltools.arm-none.win32_1.13.1.201701261202/tools/compiler/bin/../lib/gcc/arm-none-eabi/5.4.1/../../../../arm-none-eabi/lib/armv7e-m/fpu\libc.a
END GROUP
LOAD c:/ac6/systemworkbench/plugins/fr.ac6.mcu.externaltools.arm-none.win32_1.13.1.201701261202/tools/compiler/bin/../lib/gcc/arm-none-eabi/5.4.1/armv7e-m/fpu/crtend.o
LOAD c:/ac6/systemworkbench/plugins/fr.ac6.mcu.externaltools.arm-none.win32_1.13.1.201701261202/tools/compiler/bin/../lib/gcc/arm-none-eabi/5.4.1/armv7e-m/fpu/crtn.o
                0x20020000                _estack = 0x20020000
                0x00000000                _Min_Heap_Size = 0x0
                0x00000400                _Min_Stack_Size = 0x400

.isr_vector     0x08000000      0x188
                0x08000000                . = ALIGN (0x4)
 *(.isr_vector)
 .isr_vector    0x08000000      0x188 startup/startup_stm32f4xx.o
                0x08000000                g_pfnVectors
                0x08000188                . = ALIGN (0x4)

.text           0x08000188      0xd3c
                0x08000188                . = ALIGN (0x4)
 *(.text)
 .text          0x08000188       0x5c c:/ac6/systemworkbench/plugins/fr.ac6.mcu.externaltools.arm-none.win32_1.13.1.201701261202/tools/compiler/bin/../lib/gcc/arm-none-eabi/5.4.1/armv7e-m/fpu/crtbegin.o
 *(.text*)
 .text.NVIC_Init
                0x080001e4       0xc4 StdPeriph_Driver/src/misc.o
                0x080001e4                NVIC_Init
 .text.GPIO_Init
                0x080002a8      0x11c StdPeriph_Driver/src/stm32f4xx_gpio.o
                0x080002a8                GPIO_Init
 .text.GPIO_SetBits
                0x080003c4       0x20 StdPeriph_Driver/src/stm32f4xx_gpio.o
                0x080003c4                GPIO_SetBits
 .text.GPIO_PinAFConfig
                0x080003e4       0x94 StdPeriph_Driver/src/stm32f4xx_gpio.o
                0x080003e4                GPIO_PinAFConfig
 .text.RCC_GetClocksFreq
                0x08000478      0x154 StdPeriph_Driver/src/stm32f4xx_rcc.o
                0x08000478                RCC_GetClocksFreq
 .text.RCC_AHB1PeriphClockCmd
                0x080005cc       0x40 StdPeriph_Driver/src/stm32f4xx_rcc.o
                0x080005cc                RCC_AHB1PeriphClockCmd
 .text.RCC_APB1PeriphClockCmd
                0x0800060c       0x40 StdPeriph_Driver/src/stm32f4xx_rcc.o
                0x0800060c                RCC_APB1PeriphClockCmd
 .text.USART_Init
                0x0800064c      0x174 StdPeriph_Driver/src/stm32f4xx_usart.o
                0x0800064c                USART_Init
 .text.USART_Cmd
                0x080007c0       0x40 StdPeriph_Driver/src/stm32f4xx_usart.o
                0x080007c0                USART_Cmd
 .text.USART_SendData
                0x08000800       0x24 StdPeriph_Driver/src/stm32f4xx_usart.o
                0x08000800                USART_SendData
 .text.USART_ITConfig
                0x08000824       0x90 StdPeriph_Driver/src/stm32f4xx_usart.o
                0x08000824                USART_ITConfig
 .text.USART_GetITStatus
                0x080008b4       0xb8 StdPeriph_Driver/src/stm32f4xx_usart.o
                0x080008b4                USART_GetITStatus
 .text.LED_HARDWARE_CONFIG
                0x0800096c       0x3c src/LED_CONFIGURATION.o
                0x0800096c                LED_HARDWARE_CONFIG
 .text.LED_ON   0x080009a8       0x20 src/LED_CONFIGURATION.o
                0x080009a8                LED_ON
 .text.LIN_Configuration
                0x080009c8       0xdc src/LIN_CONFIG.o
                0x080009c8                LIN_Configuration
 .text.main     0x08000aa4       0x24 src/main.o
                0x08000aa4                main
 .text.NMI_Handler
                0x08000ac8       0x10 src/stm32f4xx_it.o
                0x08000ac8                NMI_Handler
 .text.HardFault_Handler
                0x08000ad8        0x8 src/stm32f4xx_it.o
                0x08000ad8                HardFault_Handler
 .text.MemManage_Handler
                0x08000ae0        0x8 src/stm32f4xx_it.o
                0x08000ae0                MemManage_Handler
 .text.BusFault_Handler
                0x08000ae8        0x8 src/stm32f4xx_it.o
                0x08000ae8                BusFault_Handler
 .text.UsageFault_Handler
                0x08000af0        0x8 src/stm32f4xx_it.o
                0x08000af0                UsageFault_Handler
 .text.SVC_Handler
                0x08000af8       0x10 src/stm32f4xx_it.o
                0x08000af8                SVC_Handler
 .text.DebugMon_Handler
                0x08000b08       0x10 src/stm32f4xx_it.o
                0x08000b08                DebugMon_Handler
 .text.PendSV_Handler
                0x08000b18       0x10 src/stm32f4xx_it.o
                0x08000b18                PendSV_Handler
 .text.SysTick_Handler
                0x08000b28       0x3c src/stm32f4xx_it.o
                0x08000b28                SysTick_Handler
 .text.USART2_IRQHandler
                0x08000b64       0x38 src/stm32f4xx_it.o
                0x08000b64                USART2_IRQHandler
 .text.SystemInit
                0x08000b9c       0x5c src/system_stm32f4xx.o
                0x08000b9c                SystemInit
 .text.SetSysClock
                0x08000bf8      0x128 src/system_stm32f4xx.o
 .text.Reset_Handler
                0x08000d20       0x48 startup/startup_stm32f4xx.o
                0x08000d20                Reset_Handler
 .text.Default_Handler
                0x08000d68        0x2 startup/startup_stm32f4xx.o
                0x08000d68                RTC_Alarm_IRQHandler
                0x08000d68                HASH_RNG_IRQHandler
                0x08000d68                EXTI2_IRQHandler
                0x08000d68                TIM8_CC_IRQHandler
                0x08000d68                TIM1_CC_IRQHandler
                0x08000d68                DMA2_Stream5_IRQHandler
                0x08000d68                DMA1_Stream5_IRQHandler
                0x08000d68                PVD_IRQHandler
                0x08000d68                SDIO_IRQHandler
                0x08000d68                TAMP_STAMP_IRQHandler
                0x08000d68                CAN2_RX1_IRQHandler
                0x08000d68                EXTI3_IRQHandler
                0x08000d68                TIM8_TRG_COM_TIM14_IRQHandler
                0x08000d68                TIM1_UP_TIM10_IRQHandler
                0x08000d68                TIM8_UP_TIM13_IRQHandler
                0x08000d68                I2C3_ER_IRQHandler
                0x08000d68                EXTI0_IRQHandler
                0x08000d68                I2C2_EV_IRQHandler
                0x08000d68                DMA1_Stream2_IRQHandler
                0x08000d68                CAN1_RX0_IRQHandler
                0x08000d68                FPU_IRQHandler
                0x08000d68                OTG_HS_WKUP_IRQHandler
                0x08000d68                CAN2_SCE_IRQHandler
                0x08000d68                DMA2_Stream2_IRQHandler
                0x08000d68                SPI1_IRQHandler
                0x08000d68                TIM6_DAC_IRQHandler
                0x08000d68                TIM1_BRK_TIM9_IRQHandler
                0x08000d68                DCMI_IRQHandler
                0x08000d68                CAN2_RX0_IRQHandler
                0x08000d68                DMA2_Stream3_IRQHandler
                0x08000d68                USART6_IRQHandler
                0x08000d68                USART3_IRQHandler
                0x08000d68                CRYP_IRQHandler
                0x08000d68                CAN1_RX1_IRQHandler
                0x08000d68                UART5_IRQHandler
                0x08000d68                DMA2_Stream0_IRQHandler
                0x08000d68                TIM4_IRQHandler
                0x08000d68                I2C1_EV_IRQHandler
                0x08000d68                DMA1_Stream6_IRQHandler
                0x08000d68                DMA1_Stream1_IRQHandler
                0x08000d68                UART4_IRQHandler
                0x08000d68                TIM3_IRQHandler
                0x08000d68                RCC_IRQHandler
                0x08000d68                TIM8_BRK_TIM12_IRQHandler
                0x08000d68                Default_Handler
                0x08000d68                EXTI15_10_IRQHandler
                0x08000d68                ADC_IRQHandler
                0x08000d68                DMA1_Stream7_IRQHandler
                0x08000d68                TIM7_IRQHandler
                0x08000d68                CAN2_TX_IRQHandler
                0x08000d68                TIM5_IRQHandler
                0x08000d68                DMA2_Stream7_IRQHandler
                0x08000d68                I2C3_EV_IRQHandler
                0x08000d68                EXTI9_5_IRQHandler
                0x08000d68                RTC_WKUP_IRQHandler
                0x08000d68                ETH_WKUP_IRQHandler
                0x08000d68                SPI2_IRQHandler
                0x08000d68                OTG_HS_EP1_IN_IRQHandler
                0x08000d68                DMA1_Stream0_IRQHandler
                0x08000d68                CAN1_TX_IRQHandler
                0x08000d68                EXTI4_IRQHandler
                0x08000d68                FSMC_IRQHandler
                0x08000d68                ETH_IRQHandler
                0x08000d68                OTG_HS_EP1_OUT_IRQHandler
                0x08000d68                WWDG_IRQHandler
                0x08000d68                TIM2_IRQHandler
                0x08000d68                OTG_FS_WKUP_IRQHandler
                0x08000d68                TIM1_TRG_COM_TIM11_IRQHandler
                0x08000d68                OTG_HS_IRQHandler
                0x08000d68                EXTI1_IRQHandler
                0x08000d68                I2C2_ER_IRQHandler
                0x08000d68                DMA2_Stream1_IRQHandler
                0x08000d68                CAN1_SCE_IRQHandler
                0x08000d68                FLASH_IRQHandler
                0x08000d68                DMA2_Stream4_IRQHandler
                0x08000d68                USART1_IRQHandler
                0x08000d68                OTG_FS_IRQHandler
                0x08000d68                SPI3_IRQHandler
                0x08000d68                DMA1_Stream4_IRQHandler
                0x08000d68                I2C1_ER_IRQHandler
                0x08000d68                DMA2_Stream6_IRQHandler
                0x08000d68                DMA1_Stream3_IRQHandler
 *fill*         0x08000d6a        0x2 
 .text.__libc_init_array
                0x08000d6c       0x50 c:/ac6/systemworkbench/plugins/fr.ac6.mcu.externaltools.arm-none.win32_1.13.1.201701261202/tools/compiler/bin/../lib/gcc/arm-none-eabi/5.4.1/../../../../arm-none-eabi/lib/armv7e-m/fpu\libc.a(lib_a-init.o)
                0x08000d6c                __libc_init_array
 .text.startup.register_fini
                0x08000dbc       0x14 c:/ac6/systemworkbench/plugins/fr.ac6.mcu.externaltools.arm-none.win32_1.13.1.201701261202/tools/compiler/bin/../lib/gcc/arm-none-eabi/5.4.1/../../../../arm-none-eabi/lib/armv7e-m/fpu\libc.a(lib_a-__call_atexit.o)
 .text.atexit   0x08000dd0        0xc c:/ac6/systemworkbench/plugins/fr.ac6.mcu.externaltools.arm-none.win32_1.13.1.201701261202/tools/compiler/bin/../lib/gcc/arm-none-eabi/5.4.1/../../../../arm-none-eabi/lib/armv7e-m/fpu\libc.a(lib_a-atexit.o)
                0x08000dd0                atexit
 .text.__libc_fini_array
                0x08000ddc       0x28 c:/ac6/systemworkbench/plugins/fr.ac6.mcu.externaltools.arm-none.win32_1.13.1.201701261202/tools/compiler/bin/../lib/gcc/arm-none-eabi/5.4.1/../../../../arm-none-eabi/lib/armv7e-m/fpu\libc.a(lib_a-fini.o)
                0x08000ddc                __libc_fini_array
 .text.__register_exitproc
                0x08000e04       0xa4 c:/ac6/systemworkbench/plugins/fr.ac6.mcu.externaltools.arm-none.win32_1.13.1.201701261202/tools/compiler/bin/../lib/gcc/arm-none-eabi/5.4.1/../../../../arm-none-eabi/lib/armv7e-m/fpu\libc.a(lib_a-__atexit.o)
                0x08000e04                __register_exitproc
 *(.rodata)
 *(.rodata*)
 .rodata._global_impure_ptr
                0x08000ea8        0x4 c:/ac6/systemworkbench/plugins/fr.ac6.mcu.externaltools.arm-none.win32_1.13.1.201701261202/tools/compiler/bin/../lib/gcc/arm-none-eabi/5.4.1/../../../../arm-none-eabi/lib/armv7e-m/fpu\libc.a(lib_a-impure.o)
                0x08000ea8                _global_impure_ptr
 *(.glue_7)
 .glue_7        0x08000eac        0x0 linker stubs
 *(.glue_7t)
 .glue_7t       0x08000eac        0x0 linker stubs
 *(.eh_frame)
 .eh_frame      0x08000eac        0x0 c:/ac6/systemworkbench/plugins/fr.ac6.mcu.externaltools.arm-none.win32_1.13.1.201701261202/tools/compiler/bin/../lib/gcc/arm-none-eabi/5.4.1/armv7e-m/fpu/crtbegin.o
 *(.init)
 .init          0x08000eac        0x4 c:/ac6/systemworkbench/plugins/fr.ac6.mcu.externaltools.arm-none.win32_1.13.1.201701261202/tools/compiler/bin/../lib/gcc/arm-none-eabi/5.4.1/armv7e-m/fpu/crti.o
                0x08000eac                _init
 .init          0x08000eb0        0x8 c:/ac6/systemworkbench/plugins/fr.ac6.mcu.externaltools.arm-none.win32_1.13.1.201701261202/tools/compiler/bin/../lib/gcc/arm-none-eabi/5.4.1/armv7e-m/fpu/crtn.o
 *(.fini)
 .fini          0x08000eb8        0x4 c:/ac6/systemworkbench/plugins/fr.ac6.mcu.externaltools.arm-none.win32_1.13.1.201701261202/tools/compiler/bin/../lib/gcc/arm-none-eabi/5.4.1/armv7e-m/fpu/crti.o
                0x08000eb8                _fini
 .fini          0x08000ebc        0x8 c:/ac6/systemworkbench/plugins/fr.ac6.mcu.externaltools.arm-none.win32_1.13.1.201701261202/tools/compiler/bin/../lib/gcc/arm-none-eabi/5.4.1/armv7e-m/fpu/crtn.o
                0x08000ec4                . = ALIGN (0x4)
                0x08000ec4                _etext = .

.vfp11_veneer   0x08000ec4        0x0
 .vfp11_veneer  0x08000ec4        0x0 linker stubs

.v4_bx          0x08000ec4        0x0
 .v4_bx         0x08000ec4        0x0 linker stubs

.iplt           0x08000ec4        0x0
 .iplt          0x08000ec4        0x0 c:/ac6/systemworkbench/plugins/fr.ac6.mcu.externaltools.arm-none.win32_1.13.1.201701261202/tools/compiler/bin/../lib/gcc/arm-none-eabi/5.4.1/armv7e-m/fpu/crtbegin.o

.rel.dyn        0x08000ec4        0x0
 .rel.iplt      0x08000ec4        0x0 c:/ac6/systemworkbench/plugins/fr.ac6.mcu.externaltools.arm-none.win32_1.13.1.201701261202/tools/compiler/bin/../lib/gcc/arm-none-eabi/5.4.1/armv7e-m/fpu/crtbegin.o

.ARM.extab
 *(.ARM.extab* .gnu.linkonce.armextab.*)

.ARM            0x08000ec4        0x0
                0x08000ec4                __exidx_start = .
 *(.ARM.exidx*)
                0x08000ec4                __exidx_end = .

.preinit_array  0x08000ec4        0x0
                0x08000ec4                PROVIDE (__preinit_array_start, .)
 *(.preinit_array*)
                0x08000ec4                PROVIDE (__preinit_array_end, .)

.init_array     0x08000ec4        0x8
                0x08000ec4                PROVIDE (__init_array_start, .)
 *(SORT(.init_array.*))
 .init_array.00000
                0x08000ec4        0x4 c:/ac6/systemworkbench/plugins/fr.ac6.mcu.externaltools.arm-none.win32_1.13.1.201701261202/tools/compiler/bin/../lib/gcc/arm-none-eabi/5.4.1/../../../../arm-none-eabi/lib/armv7e-m/fpu\libc.a(lib_a-__call_atexit.o)
 *(.init_array*)
 .init_array    0x08000ec8        0x4 c:/ac6/systemworkbench/plugins/fr.ac6.mcu.externaltools.arm-none.win32_1.13.1.201701261202/tools/compiler/bin/../lib/gcc/arm-none-eabi/5.4.1/armv7e-m/fpu/crtbegin.o
                0x08000ecc                PROVIDE (__init_array_end, .)

.fini_array     0x08000ecc        0x4
                0x08000ecc                PROVIDE (__fini_array_start, .)
 *(.fini_array*)
 .fini_array    0x08000ecc        0x4 c:/ac6/systemworkbench/plugins/fr.ac6.mcu.externaltools.arm-none.win32_1.13.1.201701261202/tools/compiler/bin/../lib/gcc/arm-none-eabi/5.4.1/armv7e-m/fpu/crtbegin.o
 *(SORT(.fini_array.*))
                0x08000ed0                PROVIDE (__fini_array_end, .)
                0x08000ed0                _sidata = .

.data           0x20000000      0x438 load address 0x08000ed0
                0x20000000                . = ALIGN (0x4)
                0x20000000                _sdata = .
 *(.data)
 .data          0x20000000       0x10 StdPeriph_Driver/src/stm32f4xx_rcc.o
 *(.data*)
 .data.impure_data
                0x20000010      0x428 c:/ac6/systemworkbench/plugins/fr.ac6.mcu.externaltools.arm-none.win32_1.13.1.201701261202/tools/compiler/bin/../lib/gcc/arm-none-eabi/5.4.1/../../../../arm-none-eabi/lib/armv7e-m/fpu\libc.a(lib_a-impure.o)
                0x20000438                . = ALIGN (0x4)
                0x20000438                _edata = .

.jcr            0x20000438        0x0 load address 0x08001308
 .jcr           0x20000438        0x0 c:/ac6/systemworkbench/plugins/fr.ac6.mcu.externaltools.arm-none.win32_1.13.1.201701261202/tools/compiler/bin/../lib/gcc/arm-none-eabi/5.4.1/armv7e-m/fpu/crtbegin.o

.igot.plt       0x20000438        0x0 load address 0x08001308
 .igot.plt      0x20000438        0x0 c:/ac6/systemworkbench/plugins/fr.ac6.mcu.externaltools.arm-none.win32_1.13.1.201701261202/tools/compiler/bin/../lib/gcc/arm-none-eabi/5.4.1/armv7e-m/fpu/crtbegin.o
                0x20000438                . = ALIGN (0x4)

.bss            0x20000438       0x24 load address 0x08001308
                0x20000438                _sbss = .
                0x20000438                __bss_start__ = _sbss
 *(.bss)
 .bss           0x20000438       0x1c c:/ac6/systemworkbench/plugins/fr.ac6.mcu.externaltools.arm-none.win32_1.13.1.201701261202/tools/compiler/bin/../lib/gcc/arm-none-eabi/5.4.1/armv7e-m/fpu/crtbegin.o
 *(.bss*)
 *(COMMON)
 COMMON         0x20000454        0x8 src/DELAY.o
                0x20000454                msDelayCount
                0x20000458                usDelayCount
                0x2000045c                . = ALIGN (0x4)
                0x2000045c                _ebss = .
                0x2000045c                __bss_end__ = _ebss

._user_heap_stack
                0x2000045c      0x404 load address 0x0800132c
                0x20000460                . = ALIGN (0x8)
 *fill*         0x2000045c        0x4 
                0x20000460                PROVIDE (end, .)
                [!provide]                PROVIDE (_end, .)
                0x20000460                . = (. + _Min_Heap_Size)
                0x20000860                . = (. + _Min_Stack_Size)
 *fill*         0x20000460      0x400 
                0x20000860                . = ALIGN (0x8)

.memory_b1_text
 *(.mb1text)
 *(.mb1text*)
 *(.mb1rodata)
 *(.mb1rodata*)

/DISCARD/
 libc.a(*)
 libm.a(*)
 libgcc.a(*)

.ARM.attributes
                0x00000000       0x30
 *(.ARM.attributes)
 .ARM.attributes
                0x00000000       0x22 c:/ac6/systemworkbench/plugins/fr.ac6.mcu.externaltools.arm-none.win32_1.13.1.201701261202/tools/compiler/bin/../lib/gcc/arm-none-eabi/5.4.1/armv7e-m/fpu/crti.o
 .ARM.attributes
                0x00000022       0x34 c:/ac6/systemworkbench/plugins/fr.ac6.mcu.externaltools.arm-none.win32_1.13.1.201701261202/tools/compiler/bin/../lib/gcc/arm-none-eabi/5.4.1/armv7e-m/fpu/crtbegin.o
 .ARM.attributes
                0x00000056       0x39 StdPeriph_Driver/src/misc.o
 .ARM.attributes
                0x0000008f       0x39 StdPeriph_Driver/src/stm32f4xx_gpio.o
 .ARM.attributes
                0x000000c8       0x39 StdPeriph_Driver/src/stm32f4xx_rcc.o
 .ARM.attributes
                0x00000101       0x39 StdPeriph_Driver/src/stm32f4xx_usart.o
 .ARM.attributes
                0x0000013a       0x39 src/DELAY.o
 .ARM.attributes
                0x00000173       0x39 src/LED_CONFIGURATION.o
 .ARM.attributes
                0x000001ac       0x39 src/LIN_CONFIG.o
 .ARM.attributes
                0x000001e5       0x39 src/main.o
 .ARM.attributes
                0x0000021e       0x39 src/stm32f4xx_it.o
 .ARM.attributes
                0x00000257       0x39 src/system_stm32f4xx.o
 .ARM.attributes
                0x00000290       0x21 startup/startup_stm32f4xx.o
 .ARM.attributes
                0x000002b1       0x34 c:/ac6/systemworkbench/plugins/fr.ac6.mcu.externaltools.arm-none.win32_1.13.1.201701261202/tools/compiler/bin/../lib/gcc/arm-none-eabi/5.4.1/../../../../arm-none-eabi/lib/armv7e-m/fpu\libc.a(lib_a-impure.o)
 .ARM.attributes
                0x000002e5       0x34 c:/ac6/systemworkbench/plugins/fr.ac6.mcu.externaltools.arm-none.win32_1.13.1.201701261202/tools/compiler/bin/../lib/gcc/arm-none-eabi/5.4.1/../../../../arm-none-eabi/lib/armv7e-m/fpu\libc.a(lib_a-init.o)
 .ARM.attributes
                0x00000319       0x34 c:/ac6/systemworkbench/plugins/fr.ac6.mcu.externaltools.arm-none.win32_1.13.1.201701261202/tools/compiler/bin/../lib/gcc/arm-none-eabi/5.4.1/../../../../arm-none-eabi/lib/armv7e-m/fpu\libc.a(lib_a-__call_atexit.o)
 .ARM.attributes
                0x0000034d       0x34 c:/ac6/systemworkbench/plugins/fr.ac6.mcu.externaltools.arm-none.win32_1.13.1.201701261202/tools/compiler/bin/../lib/gcc/arm-none-eabi/5.4.1/../../../../arm-none-eabi/lib/armv7e-m/fpu\libc.a(lib_a-atexit.o)
 .ARM.attributes
                0x00000381       0x34 c:/ac6/systemworkbench/plugins/fr.ac6.mcu.externaltools.arm-none.win32_1.13.1.201701261202/tools/compiler/bin/../lib/gcc/arm-none-eabi/5.4.1/../../../../arm-none-eabi/lib/armv7e-m/fpu\libc.a(lib_a-fini.o)
 .ARM.attributes
                0x000003b5       0x34 c:/ac6/systemworkbench/plugins/fr.ac6.mcu.externaltools.arm-none.win32_1.13.1.201701261202/tools/compiler/bin/../lib/gcc/arm-none-eabi/5.4.1/../../../../arm-none-eabi/lib/armv7e-m/fpu\libc.a(lib_a-__atexit.o)
 .ARM.attributes
                0x000003e9       0x22 c:/ac6/systemworkbench/plugins/fr.ac6.mcu.externaltools.arm-none.win32_1.13.1.201701261202/tools/compiler/bin/../lib/gcc/arm-none-eabi/5.4.1/armv7e-m/fpu/crtn.o
OUTPUT(fullProject.elf elf32-littlearm)

.debug_info     0x00000000     0x3ff6
 .debug_info    0x00000000      0x55e StdPeriph_Driver/src/misc.o
 .debug_info    0x0000055e      0x622 StdPeriph_Driver/src/stm32f4xx_gpio.o
 .debug_info    0x00000b80      0xc6b StdPeriph_Driver/src/stm32f4xx_rcc.o
 .debug_info    0x000017eb      0x9d2 StdPeriph_Driver/src/stm32f4xx_usart.o
 .debug_info    0x000021bd      0x700 src/DELAY.o
 .debug_info    0x000028bd      0x3ae src/LED_CONFIGURATION.o
 .debug_info    0x00002c6b      0x91e src/LIN_CONFIG.o
 .debug_info    0x00003589      0x18b src/main.o
 .debug_info    0x00003714      0x2b7 src/stm32f4xx_it.o
 .debug_info    0x000039cb      0x5cd src/system_stm32f4xx.o
 .debug_info    0x00003f98       0x5e startup/startup_stm32f4xx.o

.debug_abbrev   0x00000000      0xdaa
 .debug_abbrev  0x00000000      0x14c StdPeriph_Driver/src/misc.o
 .debug_abbrev  0x0000014c      0x1ac StdPeriph_Driver/src/stm32f4xx_gpio.o
 .debug_abbrev  0x000002f8      0x1ea StdPeriph_Driver/src/stm32f4xx_rcc.o
 .debug_abbrev  0x000004e2      0x15c StdPeriph_Driver/src/stm32f4xx_usart.o
 .debug_abbrev  0x0000063e      0x186 src/DELAY.o
 .debug_abbrev  0x000007c4      0x138 src/LED_CONFIGURATION.o
 .debug_abbrev  0x000008fc      0x193 src/LIN_CONFIG.o
 .debug_abbrev  0x00000a8f       0xae src/main.o
 .debug_abbrev  0x00000b3d      0x11e src/stm32f4xx_it.o
 .debug_abbrev  0x00000c5b      0x13d src/system_stm32f4xx.o
 .debug_abbrev  0x00000d98       0x12 startup/startup_stm32f4xx.o

.debug_aranges  0x00000000      0x4f0
 .debug_aranges
                0x00000000       0x40 StdPeriph_Driver/src/misc.o
 .debug_aranges
                0x00000040       0x88 StdPeriph_Driver/src/stm32f4xx_gpio.o
 .debug_aranges
                0x000000c8      0x178 StdPeriph_Driver/src/stm32f4xx_rcc.o
 .debug_aranges
                0x00000240      0x100 StdPeriph_Driver/src/stm32f4xx_usart.o
 .debug_aranges
                0x00000340       0x38 src/DELAY.o
 .debug_aranges
                0x00000378       0x48 src/LED_CONFIGURATION.o
 .debug_aranges
                0x000003c0       0x50 src/LIN_CONFIG.o
 .debug_aranges
                0x00000410       0x20 src/main.o
 .debug_aranges
                0x00000430       0x68 src/stm32f4xx_it.o
 .debug_aranges
                0x00000498       0x30 src/system_stm32f4xx.o
 .debug_aranges
                0x000004c8       0x28 startup/startup_stm32f4xx.o

.debug_ranges   0x00000000      0x448
 .debug_ranges  0x00000000       0x30 StdPeriph_Driver/src/misc.o
 .debug_ranges  0x00000030       0x78 StdPeriph_Driver/src/stm32f4xx_gpio.o
 .debug_ranges  0x000000a8      0x168 StdPeriph_Driver/src/stm32f4xx_rcc.o
 .debug_ranges  0x00000210       0xf0 StdPeriph_Driver/src/stm32f4xx_usart.o
 .debug_ranges  0x00000300       0x28 src/DELAY.o
 .debug_ranges  0x00000328       0x38 src/LED_CONFIGURATION.o
 .debug_ranges  0x00000360       0x40 src/LIN_CONFIG.o
 .debug_ranges  0x000003a0       0x10 src/main.o
 .debug_ranges  0x000003b0       0x58 src/stm32f4xx_it.o
 .debug_ranges  0x00000408       0x20 src/system_stm32f4xx.o
 .debug_ranges  0x00000428       0x20 startup/startup_stm32f4xx.o

.debug_macro    0x00000000     0xee64
 .debug_macro   0x00000000      0x1c5 StdPeriph_Driver/src/misc.o
 .debug_macro   0x000001c5      0x8b0 StdPeriph_Driver/src/misc.o
 .debug_macro   0x00000a75       0x63 StdPeriph_Driver/src/misc.o
 .debug_macro   0x00000ad8       0x35 StdPeriph_Driver/src/misc.o
 .debug_macro   0x00000b0d       0x22 StdPeriph_Driver/src/misc.o
 .debug_macro   0x00000b2f       0x87 StdPeriph_Driver/src/misc.o
 .debug_macro   0x00000bb6       0x44 StdPeriph_Driver/src/misc.o
 .debug_macro   0x00000bfa       0xfd StdPeriph_Driver/src/misc.o
 .debug_macro   0x00000cf7       0x5e StdPeriph_Driver/src/misc.o
 .debug_macro   0x00000d55      0x1df StdPeriph_Driver/src/misc.o
 .debug_macro   0x00000f34       0x18 StdPeriph_Driver/src/misc.o
 .debug_macro   0x00000f4c       0x42 StdPeriph_Driver/src/misc.o
 .debug_macro   0x00000f8e      0x8cb StdPeriph_Driver/src/misc.o
 .debug_macro   0x00001859     0x8057 StdPeriph_Driver/src/misc.o
 .debug_macro   0x000098b0       0x16 StdPeriph_Driver/src/misc.o
 .debug_macro   0x000098c6      0x44e StdPeriph_Driver/src/misc.o
 .debug_macro   0x00009d14      0x3cf StdPeriph_Driver/src/misc.o
 .debug_macro   0x0000a0e3      0x111 StdPeriph_Driver/src/misc.o
 .debug_macro   0x0000a1f4      0x182 StdPeriph_Driver/src/misc.o
 .debug_macro   0x0000a376       0xb2 StdPeriph_Driver/src/misc.o
 .debug_macro   0x0000a428      0x146 StdPeriph_Driver/src/misc.o
 .debug_macro   0x0000a56e      0x477 StdPeriph_Driver/src/misc.o
 .debug_macro   0x0000a9e5       0xac StdPeriph_Driver/src/misc.o
 .debug_macro   0x0000aa91      0x241 StdPeriph_Driver/src/misc.o
 .debug_macro   0x0000acd2      0x279 StdPeriph_Driver/src/misc.o
 .debug_macro   0x0000af4b       0xb5 StdPeriph_Driver/src/misc.o
 .debug_macro   0x0000b000      0x265 StdPeriph_Driver/src/misc.o
 .debug_macro   0x0000b265      0x2b1 StdPeriph_Driver/src/misc.o
 .debug_macro   0x0000b516       0x64 StdPeriph_Driver/src/misc.o
 .debug_macro   0x0000b57a       0xa6 StdPeriph_Driver/src/misc.o
 .debug_macro   0x0000b620      0x538 StdPeriph_Driver/src/misc.o
 .debug_macro   0x0000bb58       0x40 StdPeriph_Driver/src/misc.o
 .debug_macro   0x0000bb98      0x57a StdPeriph_Driver/src/misc.o
 .debug_macro   0x0000c112      0x341 StdPeriph_Driver/src/misc.o
 .debug_macro   0x0000c453      0x36a StdPeriph_Driver/src/misc.o
 .debug_macro   0x0000c7bd       0xdf StdPeriph_Driver/src/misc.o
 .debug_macro   0x0000c89c      0x73b StdPeriph_Driver/src/misc.o
 .debug_macro   0x0000cfd7      0x220 StdPeriph_Driver/src/misc.o
 .debug_macro   0x0000d1f7       0x34 StdPeriph_Driver/src/misc.o
 .debug_macro   0x0000d22b       0x35 StdPeriph_Driver/src/misc.o
 .debug_macro   0x0000d260       0x79 StdPeriph_Driver/src/misc.o
 .debug_macro   0x0000d2d9      0x1c3 StdPeriph_Driver/src/stm32f4xx_gpio.o
 .debug_macro   0x0000d49c      0x25f StdPeriph_Driver/src/stm32f4xx_gpio.o
 .debug_macro   0x0000d6fb      0x267 StdPeriph_Driver/src/stm32f4xx_rcc.o
 .debug_macro   0x0000d962      0x532 StdPeriph_Driver/src/stm32f4xx_rcc.o
 .debug_macro   0x0000de94      0x1db StdPeriph_Driver/src/stm32f4xx_usart.o
 .debug_macro   0x0000e06f      0x21a StdPeriph_Driver/src/stm32f4xx_usart.o
 .debug_macro   0x0000e289      0x1bf src/DELAY.o
 .debug_macro   0x0000e448      0x1c9 src/LED_CONFIGURATION.o
 .debug_macro   0x0000e611      0x1e1 src/LIN_CONFIG.o
 .debug_macro   0x0000e7f2       0x88 src/LIN_CONFIG.o
 .debug_macro   0x0000e87a       0x28 src/LIN_CONFIG.o
 .debug_macro   0x0000e8a2      0x1db src/main.o
 .debug_macro   0x0000ea7d       0x2e src/main.o
 .debug_macro   0x0000eaab      0x1d3 src/stm32f4xx_it.o
 .debug_macro   0x0000ec7e      0x1e6 src/system_stm32f4xx.o

.debug_line     0x00000000     0x4743
 .debug_line    0x00000000      0x62c StdPeriph_Driver/src/misc.o
 .debug_line    0x0000062c      0x744 StdPeriph_Driver/src/stm32f4xx_gpio.o
 .debug_line    0x00000d70      0x98a StdPeriph_Driver/src/stm32f4xx_rcc.o
 .debug_line    0x000016fa      0x889 StdPeriph_Driver/src/stm32f4xx_usart.o
 .debug_line    0x00001f83      0x640 src/DELAY.o
 .debug_line    0x000025c3      0x66d src/LED_CONFIGURATION.o
 .debug_line    0x00002c30      0x721 src/LIN_CONFIG.o
 .debug_line    0x00003351      0x657 src/main.o
 .debug_line    0x000039a8      0x6da src/stm32f4xx_it.o
 .debug_line    0x00004082      0x646 src/system_stm32f4xx.o
 .debug_line    0x000046c8       0x7b startup/startup_stm32f4xx.o

.debug_str      0x00000000    0x57ed1
 .debug_str     0x00000000    0x55ee9 StdPeriph_Driver/src/misc.o
                              0x56086 (size before relaxing)
 .debug_str     0x00055ee9      0x30f StdPeriph_Driver/src/stm32f4xx_gpio.o
                              0x56131 (size before relaxing)
 .debug_str     0x000561f8      0xb03 StdPeriph_Driver/src/stm32f4xx_rcc.o
                              0x569b2 (size before relaxing)
 .debug_str     0x00056cfb      0x53a StdPeriph_Driver/src/stm32f4xx_usart.o
                              0x56441 (size before relaxing)
 .debug_str     0x00057235      0x585 src/DELAY.o
                              0x5646f (size before relaxing)
 .debug_str     0x000577ba       0xb6 src/LED_CONFIGURATION.o
                              0x56053 (size before relaxing)
 .debug_str     0x00057870      0x4ae src/LIN_CONFIG.o
                              0x56ad8 (size before relaxing)
 .debug_str     0x00057d1e       0x13 src/main.o
                              0x5615e (size before relaxing)
 .debug_str     0x00057d31       0xc9 src/stm32f4xx_it.o
                              0x55f79 (size before relaxing)
 .debug_str     0x00057dfa       0xd7 src/system_stm32f4xx.o
                              0x5607c (size before relaxing)

.comment        0x00000000       0x6e
 .comment       0x00000000       0x6e StdPeriph_Driver/src/misc.o
                                 0x6f (size before relaxing)
 .comment       0x0000006e       0x6f StdPeriph_Driver/src/stm32f4xx_gpio.o
 .comment       0x0000006e       0x6f StdPeriph_Driver/src/stm32f4xx_rcc.o
 .comment       0x0000006e       0x6f StdPeriph_Driver/src/stm32f4xx_usart.o
 .comment       0x0000006e       0x6f src/DELAY.o
 .comment       0x0000006e       0x6f src/LED_CONFIGURATION.o
 .comment       0x0000006e       0x6f src/LIN_CONFIG.o
 .comment       0x0000006e       0x6f src/main.o
 .comment       0x0000006e       0x6f src/stm32f4xx_it.o
 .comment       0x0000006e       0x6f src/system_stm32f4xx.o

.debug_frame    0x00000000     0x13e8
 .debug_frame   0x00000000       0xd8 StdPeriph_Driver/src/misc.o
 .debug_frame   0x000000d8      0x23c StdPeriph_Driver/src/stm32f4xx_gpio.o
 .debug_frame   0x00000314      0x6d4 StdPeriph_Driver/src/stm32f4xx_rcc.o
 .debug_frame   0x000009e8      0x490 StdPeriph_Driver/src/stm32f4xx_usart.o
 .debug_frame   0x00000e78       0xa4 src/DELAY.o
 .debug_frame   0x00000f1c       0xe0 src/LED_CONFIGURATION.o
 .debug_frame   0x00000ffc      0x114 src/LIN_CONFIG.o
 .debug_frame   0x00001110       0x2c src/main.o
 .debug_frame   0x0000113c      0x12c src/stm32f4xx_it.o
 .debug_frame   0x00001268       0x7c src/system_stm32f4xx.o
 .debug_frame   0x000012e4       0x2c c:/ac6/systemworkbench/plugins/fr.ac6.mcu.externaltools.arm-none.win32_1.13.1.201701261202/tools/compiler/bin/../lib/gcc/arm-none-eabi/5.4.1/../../../../arm-none-eabi/lib/armv7e-m/fpu\libc.a(lib_a-init.o)
 .debug_frame   0x00001310       0x50 c:/ac6/systemworkbench/plugins/fr.ac6.mcu.externaltools.arm-none.win32_1.13.1.201701261202/tools/compiler/bin/../lib/gcc/arm-none-eabi/5.4.1/../../../../arm-none-eabi/lib/armv7e-m/fpu\libc.a(lib_a-__call_atexit.o)
 .debug_frame   0x00001360       0x20 c:/ac6/systemworkbench/plugins/fr.ac6.mcu.externaltools.arm-none.win32_1.13.1.201701261202/tools/compiler/bin/../lib/gcc/arm-none-eabi/5.4.1/../../../../arm-none-eabi/lib/armv7e-m/fpu\libc.a(lib_a-atexit.o)
 .debug_frame   0x00001380       0x34 c:/ac6/systemworkbench/plugins/fr.ac6.mcu.externaltools.arm-none.win32_1.13.1.201701261202/tools/compiler/bin/../lib/gcc/arm-none-eabi/5.4.1/../../../../arm-none-eabi/lib/armv7e-m/fpu\libc.a(lib_a-fini.o)
 .debug_frame   0x000013b4       0x34 c:/ac6/systemworkbench/plugins/fr.ac6.mcu.externaltools.arm-none.win32_1.13.1.201701261202/tools/compiler/bin/../lib/gcc/arm-none-eabi/5.4.1/../../../../arm-none-eabi/lib/armv7e-m/fpu\libc.a(lib_a-__atexit.o)
